  Determining projects to restore...
  All projects are up-to-date for restore.
K:\Customer Data\LPM\DJ_Booking\Fallen-Collective-Booking\CandyBotWindow.xaml.cs(97,21): warning CS8604: Possible null reference argument for parameter 'currentUser' in 'Task<string> CandyBotService.GetContextualResponseAsync(string userMessage, User currentUser, int bookingCount = 0, string currentPage = "")'. [K:\Customer Data\LPM\DJ_Booking\Fallen-Collective-Booking\DJBookingSystem_2po2qqzl_wpftmp.csproj]
K:\Customer Data\LPM\DJ_Booking\Fallen-Collective-Booking\CandyBotWindow.xaml.cs(95,41): warning CS8602: Dereference of a possibly null reference. [K:\Customer Data\LPM\DJ_Booking\Fallen-Collective-Booking\DJBookingSystem_2po2qqzl_wpftmp.csproj]
K:\Customer Data\LPM\DJ_Booking\Fallen-Collective-Booking\AdminVenueManagementWindow.xaml.cs(203,17): warning CS0618: 'Venue.OpenTime' is obsolete: 'Use DaySchedules instead' [K:\Customer Data\LPM\DJ_Booking\Fallen-Collective-Booking\DJBookingSystem_2po2qqzl_wpftmp.csproj]
K:\Customer Data\LPM\DJ_Booking\Fallen-Collective-Booking\AdminVenueManagementWindow.xaml.cs(204,17): warning CS0618: 'Venue.CloseTime' is obsolete: 'Use DaySchedules instead' [K:\Customer Data\LPM\DJ_Booking\Fallen-Collective-Booking\DJBookingSystem_2po2qqzl_wpftmp.csproj]
K:\Customer Data\LPM\DJ_Booking\Fallen-Collective-Booking\CandyBotDesktopWidget.xaml.cs(334,13): warning CS4014: Because this call is not awaited, execution of the current method continues before the call is completed. Consider applying the 'await' operator to the result of the call. [K:\Customer Data\LPM\DJ_Booking\Fallen-Collective-Booking\DJBookingSystem_2po2qqzl_wpftmp.csproj]
K:\Customer Data\LPM\DJ_Booking\Fallen-Collective-Booking\CandyBotDesktopWidget.xaml.cs(343,17): warning CS4014: Because this call is not awaited, execution of the current method continues before the call is completed. Consider applying the 'await' operator to the result of the call. [K:\Customer Data\LPM\DJ_Booking\Fallen-Collective-Booking\DJBookingSystem_2po2qqzl_wpftmp.csproj]
K:\Customer Data\LPM\DJ_Booking\Fallen-Collective-Booking\InteractiveGuide\TutorialSteps.cs(14,41): warning CS8625: Cannot convert null literal to non-nullable reference type. [K:\Customer Data\LPM\DJ_Booking\Fallen-Collective-Booking\DJBookingSystem_2po2qqzl_wpftmp.csproj]
K:\Customer Data\LPM\DJ_Booking\Fallen-Collective-Booking\InteractiveGuide\TutorialSteps.cs(93,37): warning CS8625: Cannot convert null literal to non-nullable reference type. [K:\Customer Data\LPM\DJ_Booking\Fallen-Collective-Booking\DJBookingSystem_2po2qqzl_wpftmp.csproj]
K:\Customer Data\LPM\DJ_Booking\Fallen-Collective-Booking\CandyBotDesktopWidget.xaml.cs(355,13): warning CS4014: Because this call is not awaited, execution of the current method continues before the call is completed. Consider applying the 'await' operator to the result of the call. [K:\Customer Data\LPM\DJ_Booking\Fallen-Collective-Booking\DJBookingSystem_2po2qqzl_wpftmp.csproj]
K:\Customer Data\LPM\DJ_Booking\Fallen-Collective-Booking\CandyBotDesktopWidget.xaml.cs(373,13): warning CS4014: Because this call is not awaited, execution of the current method continues before the call is completed. Consider applying the 'await' operator to the result of the call. [K:\Customer Data\LPM\DJ_Booking\Fallen-Collective-Booking\DJBookingSystem_2po2qqzl_wpftmp.csproj]
K:\Customer Data\LPM\DJ_Booking\Fallen-Collective-Booking\CandyBotDesktopWidget.xaml.cs(380,13): warning CS4014: Because this call is not awaited, execution of the current method continues before the call is completed. Consider applying the 'await' operator to the result of the call. [K:\Customer Data\LPM\DJ_Booking\Fallen-Collective-Booking\DJBookingSystem_2po2qqzl_wpftmp.csproj]
K:\Customer Data\LPM\DJ_Booking\Fallen-Collective-Booking\InteractiveGuide\TutorialSteps.cs(107,41): warning CS8625: Cannot convert null literal to non-nullable reference type. [K:\Customer Data\LPM\DJ_Booking\Fallen-Collective-Booking\DJBookingSystem_2po2qqzl_wpftmp.csproj]
K:\Customer Data\LPM\DJ_Booking\Fallen-Collective-Booking\InteractiveGuide\TutorialSteps.cs(210,37): warning CS8625: Cannot convert null literal to non-nullable reference type. [K:\Customer Data\LPM\DJ_Booking\Fallen-Collective-Booking\DJBookingSystem_2po2qqzl_wpftmp.csproj]
K:\Customer Data\LPM\DJ_Booking\Fallen-Collective-Booking\CandyBotDesktopWidget.xaml.cs(388,13): warning CS4014: Because this call is not awaited, execution of the current method continues before the call is completed. Consider applying the 'await' operator to the result of the call. [K:\Customer Data\LPM\DJ_Booking\Fallen-Collective-Booking\DJBookingSystem_2po2qqzl_wpftmp.csproj]
K:\Customer Data\LPM\DJ_Booking\Fallen-Collective-Booking\InteractiveGuide\GuidePlayerWindow.xaml.cs(21,41): warning CS8622: Nullability of reference types in type of parameter 'sender' of 'void GuidePlayerWindow.MediaPlayer_MediaOpened(object sender, EventArgs e)' doesn't match the target delegate 'EventHandler' (possibly because of nullability attributes). [K:\Customer Data\LPM\DJ_Booking\Fallen-Collective-Booking\DJBookingSystem_2po2qqzl_wpftmp.csproj]
K:\Customer Data\LPM\DJ_Booking\Fallen-Collective-Booking\InteractiveGuide\GuidePlayerWindow.xaml.cs(22,40): warning CS8622: Nullability of reference types in type of parameter 'sender' of 'void GuidePlayerWindow.MediaPlayer_MediaEnded(object sender, EventArgs e)' doesn't match the target delegate 'EventHandler' (possibly because of nullability attributes). [K:\Customer Data\LPM\DJ_Booking\Fallen-Collective-Booking\DJBookingSystem_2po2qqzl_wpftmp.csproj]
K:\Customer Data\LPM\DJ_Booking\Fallen-Collective-Booking\InteractiveGuide\GuidePlayerWindow.xaml.cs(26,28): warning CS8622: Nullability of reference types in type of parameter 'sender' of 'void GuidePlayerWindow.Timer_Tick(object sender, EventArgs e)' doesn't match the target delegate 'EventHandler' (possibly because of nullability attributes). [K:\Customer Data\LPM\DJ_Booking\Fallen-Collective-Booking\DJBookingSystem_2po2qqzl_wpftmp.csproj]
K:\Customer Data\LPM\DJ_Booking\Fallen-Collective-Booking\InteractiveGuide\TutorialOverlay.cs(267,23): warning CS8618: Non-nullable property 'NarrationText' must contain a non-null value when exiting constructor. Consider adding the 'required' modifier or declaring the property as nullable. [K:\Customer Data\LPM\DJ_Booking\Fallen-Collective-Booking\DJBookingSystem_2po2qqzl_wpftmp.csproj]
K:\Customer Data\LPM\DJ_Booking\Fallen-Collective-Booking\InteractiveGuide\TutorialOverlay.cs(268,23): warning CS8618: Non-nullable property 'TargetElementName' must contain a non-null value when exiting constructor. Consider adding the 'required' modifier or declaring the property as nullable. [K:\Customer Data\LPM\DJ_Booking\Fallen-Collective-Booking\DJBookingSystem_2po2qqzl_wpftmp.csproj]
K:\Customer Data\LPM\DJ_Booking\Fallen-Collective-Booking\InteractiveGuide\TutorialOverlay.cs(269,23): warning CS8618: Non-nullable property 'AudioFile' must contain a non-null value when exiting constructor. Consider adding the 'required' modifier or declaring the property as nullable. [K:\Customer Data\LPM\DJ_Booking\Fallen-Collective-Booking\DJBookingSystem_2po2qqzl_wpftmp.csproj]
K:\Customer Data\LPM\DJ_Booking\Fallen-Collective-Booking\CandyBotDesktopWidget.xaml.cs(402,17): warning CS4014: Because this call is not awaited, execution of the current method continues before the call is completed. Consider applying the 'await' operator to the result of the call. [K:\Customer Data\LPM\DJ_Booking\Fallen-Collective-Booking\DJBookingSystem_2po2qqzl_wpftmp.csproj]
K:\Customer Data\LPM\DJ_Booking\Fallen-Collective-Booking\CandyBotDesktopWidget.xaml.cs(416,17): warning CS4014: Because this call is not awaited, execution of the current method continues before the call is completed. Consider applying the 'await' operator to the result of the call. [K:\Customer Data\LPM\DJ_Booking\Fallen-Collective-Booking\DJBookingSystem_2po2qqzl_wpftmp.csproj]
K:\Customer Data\LPM\DJ_Booking\Fallen-Collective-Booking\InteractiveGuide\TutorialOverlay.cs(27,16): warning CS8618: Non-nullable field '_overlayCanvas' must contain a non-null value when exiting constructor. Consider adding the 'required' modifier or declaring the field as nullable. [K:\Customer Data\LPM\DJ_Booking\Fallen-Collective-Booking\DJBookingSystem_2po2qqzl_wpftmp.csproj]
K:\Customer Data\LPM\DJ_Booking\Fallen-Collective-Booking\InteractiveGuide\TutorialOverlay.cs(27,16): warning CS8618: Non-nullable field '_candyBotPanel' must contain a non-null value when exiting constructor. Consider adding the 'required' modifier or declaring the field as nullable. [K:\Customer Data\LPM\DJ_Booking\Fallen-Collective-Booking\DJBookingSystem_2po2qqzl_wpftmp.csproj]
K:\Customer Data\LPM\DJ_Booking\Fallen-Collective-Booking\InteractiveGuide\TutorialOverlay.cs(27,16): warning CS8618: Non-nullable field '_candyBotAvatar' must contain a non-null value when exiting constructor. Consider adding the 'required' modifier or declaring the field as nullable. [K:\Customer Data\LPM\DJ_Booking\Fallen-Collective-Booking\DJBookingSystem_2po2qqzl_wpftmp.csproj]
K:\Customer Data\LPM\DJ_Booking\Fallen-Collective-Booking\InteractiveGuide\TutorialOverlay.cs(27,16): warning CS8618: Non-nullable field '_narratorText' must contain a non-null value when exiting constructor. Consider adding the 'required' modifier or declaring the field as nullable. [K:\Customer Data\LPM\DJ_Booking\Fallen-Collective-Booking\DJBookingSystem_2po2qqzl_wpftmp.csproj]
K:\Customer Data\LPM\DJ_Booking\Fallen-Collective-Booking\InteractiveGuide\TutorialOverlay.cs(27,16): warning CS8618: Non-nullable field '_spotlight' must contain a non-null value when exiting constructor. Consider adding the 'required' modifier or declaring the field as nullable. [K:\Customer Data\LPM\DJ_Booking\Fallen-Collective-Booking\DJBookingSystem_2po2qqzl_wpftmp.csproj]
K:\Customer Data\LPM\DJ_Booking\Fallen-Collective-Booking\InteractiveGuide\TutorialOverlay.cs(27,16): warning CS8618: Non-nullable field '_controls' must contain a non-null value when exiting constructor. Consider adding the 'required' modifier or declaring the field as nullable. [K:\Customer Data\LPM\DJ_Booking\Fallen-Collective-Booking\DJBookingSystem_2po2qqzl_wpftmp.csproj]
K:\Customer Data\LPM\DJ_Booking\Fallen-Collective-Booking\CandyBotDesktopWidget.xaml.cs(430,17): warning CS4014: Because this call is not awaited, execution of the current method continues before the call is completed. Consider applying the 'await' operator to the result of the call. [K:\Customer Data\LPM\DJ_Booking\Fallen-Collective-Booking\DJBookingSystem_2po2qqzl_wpftmp.csproj]
K:\Customer Data\LPM\DJ_Booking\Fallen-Collective-Booking\CandyBotDesktopWidget.xaml.cs(428,60): warning CS8625: Cannot convert null literal to non-nullable reference type. [K:\Customer Data\LPM\DJ_Booking\Fallen-Collective-Booking\DJBookingSystem_2po2qqzl_wpftmp.csproj]
K:\Customer Data\LPM\DJ_Booking\Fallen-Collective-Booking\CandyBotDesktopWidget.xaml.cs(428,66): warning CS8625: Cannot convert null literal to non-nullable reference type. [K:\Customer Data\LPM\DJ_Booking\Fallen-Collective-Booking\DJBookingSystem_2po2qqzl_wpftmp.csproj]
K:\Customer Data\LPM\DJ_Booking\Fallen-Collective-Booking\CandyBotDesktopWidget.xaml.cs(444,17): warning CS4014: Because this call is not awaited, execution of the current method continues before the call is completed. Consider applying the 'await' operator to the result of the call. [K:\Customer Data\LPM\DJ_Booking\Fallen-Collective-Booking\DJBookingSystem_2po2qqzl_wpftmp.csproj]
K:\Customer Data\LPM\DJ_Booking\Fallen-Collective-Booking\CandyBotDesktopWidget.xaml.cs(458,17): warning CS4014: Because this call is not awaited, execution of the current method continues before the call is completed. Consider applying the 'await' operator to the result of the call. [K:\Customer Data\LPM\DJ_Booking\Fallen-Collective-Booking\DJBookingSystem_2po2qqzl_wpftmp.csproj]
K:\Customer Data\LPM\DJ_Booking\Fallen-Collective-Booking\CandyBotDesktopWidget.xaml.cs(456,60): warning CS8625: Cannot convert null literal to non-nullable reference type. [K:\Customer Data\LPM\DJ_Booking\Fallen-Collective-Booking\DJBookingSystem_2po2qqzl_wpftmp.csproj]
K:\Customer Data\LPM\DJ_Booking\Fallen-Collective-Booking\CandyBotDesktopWidget.xaml.cs(456,66): warning CS8625: Cannot convert null literal to non-nullable reference type. [K:\Customer Data\LPM\DJ_Booking\Fallen-Collective-Booking\DJBookingSystem_2po2qqzl_wpftmp.csproj]
K:\Customer Data\LPM\DJ_Booking\Fallen-Collective-Booking\CandyBotDesktopWidget.xaml.cs(474,13): warning CS4014: Because this call is not awaited, execution of the current method continues before the call is completed. Consider applying the 'await' operator to the result of the call. [K:\Customer Data\LPM\DJ_Booking\Fallen-Collective-Booking\DJBookingSystem_2po2qqzl_wpftmp.csproj]
K:\Customer Data\LPM\DJ_Booking\Fallen-Collective-Booking\CandyBotDesktopWidget.xaml.cs(483,17): warning CS4014: Because this call is not awaited, execution of the current method continues before the call is completed. Consider applying the 'await' operator to the result of the call. [K:\Customer Data\LPM\DJ_Booking\Fallen-Collective-Booking\DJBookingSystem_2po2qqzl_wpftmp.csproj]
K:\Customer Data\LPM\DJ_Booking\Fallen-Collective-Booking\CandyBotDesktopWidget.xaml.cs(490,13): warning CS4014: Because this call is not awaited, execution of the current method continues before the call is completed. Consider applying the 'await' operator to the result of the call. [K:\Customer Data\LPM\DJ_Booking\Fallen-Collective-Booking\DJBookingSystem_2po2qqzl_wpftmp.csproj]
K:\Customer Data\LPM\DJ_Booking\Fallen-Collective-Booking\CandyBotDesktopWidget.xaml.cs(499,17): warning CS4014: Because this call is not awaited, execution of the current method continues before the call is completed. Consider applying the 'await' operator to the result of the call. [K:\Customer Data\LPM\DJ_Booking\Fallen-Collective-Booking\DJBookingSystem_2po2qqzl_wpftmp.csproj]
K:\Customer Data\LPM\DJ_Booking\Fallen-Collective-Booking\CandyBotDesktopWidget.xaml.cs(542,17): warning CS4014: Because this call is not awaited, execution of the current method continues before the call is completed. Consider applying the 'await' operator to the result of the call. [K:\Customer Data\LPM\DJ_Booking\Fallen-Collective-Booking\DJBookingSystem_2po2qqzl_wpftmp.csproj]
K:\Customer Data\LPM\DJ_Booking\Fallen-Collective-Booking\CandyBotDesktopWidget.xaml.cs(556,17): warning CS4014: Because this call is not awaited, execution of the current method continues before the call is completed. Consider applying the 'await' operator to the result of the call. [K:\Customer Data\LPM\DJ_Booking\Fallen-Collective-Booking\DJBookingSystem_2po2qqzl_wpftmp.csproj]
K:\Customer Data\LPM\DJ_Booking\Fallen-Collective-Booking\MainWindow.AdvancedTests.cs(261,23): warning CS8602: Dereference of a possibly null reference. [K:\Customer Data\LPM\DJ_Booking\Fallen-Collective-Booking\DJBookingSystem_2po2qqzl_wpftmp.csproj]
K:\Customer Data\LPM\DJ_Booking\Fallen-Collective-Booking\AdminBookingManagementWindow.xaml.cs(173,21): warning CS0618: 'Booking.BookingDate' is obsolete: 'Use DayOfWeek, WeekNumber, and TimeSlot instead' [K:\Customer Data\LPM\DJ_Booking\Fallen-Collective-Booking\DJBookingSystem_2po2qqzl_wpftmp.csproj]
K:\Customer Data\LPM\DJ_Booking\Fallen-Collective-Booking\AdminBookingManagementWindow.xaml.cs(191,21): warning CS0618: 'Booking.BookingDate' is obsolete: 'Use DayOfWeek, WeekNumber, and TimeSlot instead' [K:\Customer Data\LPM\DJ_Booking\Fallen-Collective-Booking\DJBookingSystem_2po2qqzl_wpftmp.csproj]
K:\Customer Data\LPM\DJ_Booking\Fallen-Collective-Booking\AdminBookingManagementWindow.xaml.cs(253,95): warning CS0618: 'Booking.BookingDate' is obsolete: 'Use DayOfWeek, WeekNumber, and TimeSlot instead' [K:\Customer Data\LPM\DJ_Booking\Fallen-Collective-Booking\DJBookingSystem_2po2qqzl_wpftmp.csproj]
K:\Customer Data\LPM\DJ_Booking\Fallen-Collective-Booking\AdminBookingManagementWindow.xaml.cs(291,17): warning CS0618: 'Booking.BookingDate' is obsolete: 'Use DayOfWeek, WeekNumber, and TimeSlot instead' [K:\Customer Data\LPM\DJ_Booking\Fallen-Collective-Booking\DJBookingSystem_2po2qqzl_wpftmp.csproj]
K:\Customer Data\LPM\DJ_Booking\Fallen-Collective-Booking\AdminBookingManagementWindow.xaml.cs(301,85): warning CS0618: 'Booking.BookingDate' is obsolete: 'Use DayOfWeek, WeekNumber, and TimeSlot instead' [K:\Customer Data\LPM\DJ_Booking\Fallen-Collective-Booking\DJBookingSystem_2po2qqzl_wpftmp.csproj]
K:\Customer Data\LPM\DJ_Booking\Fallen-Collective-Booking\MultiDriveSearchWindow.xaml.cs(213,23): warning CS8602: Dereference of a possibly null reference. [K:\Customer Data\LPM\DJ_Booking\Fallen-Collective-Booking\DJBookingSystem_2po2qqzl_wpftmp.csproj]
K:\Customer Data\LPM\DJ_Booking\Fallen-Collective-Booking\MultiDriveSearchWindow.xaml.cs(226,23): warning CS8602: Dereference of a possibly null reference. [K:\Customer Data\LPM\DJ_Booking\Fallen-Collective-Booking\DJBookingSystem_2po2qqzl_wpftmp.csproj]
K:\Customer Data\LPM\DJ_Booking\Fallen-Collective-Booking\MultiDriveSearchWindow.xaml.cs(242,23): warning CS8602: Dereference of a possibly null reference. [K:\Customer Data\LPM\DJ_Booking\Fallen-Collective-Booking\DJBookingSystem_2po2qqzl_wpftmp.csproj]
K:\Customer Data\LPM\DJ_Booking\Fallen-Collective-Booking\AdminBookingManagementWindow.xaml.cs(319,17): warning CS0618: 'Booking.BookingDate' is obsolete: 'Use DayOfWeek, WeekNumber, and TimeSlot instead' [K:\Customer Data\LPM\DJ_Booking\Fallen-Collective-Booking\DJBookingSystem_2po2qqzl_wpftmp.csproj]
K:\Customer Data\LPM\DJ_Booking\Fallen-Collective-Booking\AdminBookingManagementWindow.xaml.cs(331,81): warning CS0618: 'Booking.BookingDate' is obsolete: 'Use DayOfWeek, WeekNumber, and TimeSlot instead' [K:\Customer Data\LPM\DJ_Booking\Fallen-Collective-Booking\DJBookingSystem_2po2qqzl_wpftmp.csproj]
K:\Customer Data\LPM\DJ_Booking\Fallen-Collective-Booking\Services\CandyBotImageGenerator.cs(189,35): warning CS8601: Possible null reference assignment. [K:\Customer Data\LPM\DJ_Booking\Fallen-Collective-Booking\DJBookingSystem_2po2qqzl_wpftmp.csproj]
K:\Customer Data\LPM\DJ_Booking\Fallen-Collective-Booking\Services\CandyBotImageGenerator.cs(243,51): warning CS1998: This async method lacks 'await' operators and will run synchronously. Consider using the 'await' operator to await non-blocking API calls, or 'await Task.Run(...)' to do CPU-bound work on a background thread. [K:\Customer Data\LPM\DJ_Booking\Fallen-Collective-Booking\DJBookingSystem_2po2qqzl_wpftmp.csproj]
K:\Customer Data\LPM\DJ_Booking\Fallen-Collective-Booking\Views\ChatView.xaml.cs(63,21): warning CS8602: Dereference of a possibly null reference. [K:\Customer Data\LPM\DJ_Booking\Fallen-Collective-Booking\DJBookingSystem_2po2qqzl_wpftmp.csproj]
K:\Customer Data\LPM\DJ_Booking\Fallen-Collective-Booking\InteractiveGuide\TutorialOverlay.cs(235,20): warning CS8603: Possible null reference return. [K:\Customer Data\LPM\DJ_Booking\Fallen-Collective-Booking\DJBookingSystem_2po2qqzl_wpftmp.csproj]
K:\Customer Data\LPM\DJ_Booking\Fallen-Collective-Booking\MultiDriveSearchWindow.xaml.cs(609,23): warning CS8602: Dereference of a possibly null reference. [K:\Customer Data\LPM\DJ_Booking\Fallen-Collective-Booking\DJBookingSystem_2po2qqzl_wpftmp.csproj]
K:\Customer Data\LPM\DJ_Booking\Fallen-Collective-Booking\Services\DiscordWebViewService.cs(95,17): warning CS8602: Dereference of a possibly null reference. [K:\Customer Data\LPM\DJ_Booking\Fallen-Collective-Booking\DJBookingSystem_2po2qqzl_wpftmp.csproj]
K:\Customer Data\LPM\DJ_Booking\Fallen-Collective-Booking\Services\CandyBotVoiceMapper.cs(233,56): warning CS8603: Possible null reference return. [K:\Customer Data\LPM\DJ_Booking\Fallen-Collective-Booking\DJBookingSystem_2po2qqzl_wpftmp.csproj]
K:\Customer Data\LPM\DJ_Booking\Fallen-Collective-Booking\Services\CandyBotVoiceMapper.cs(238,52): warning CS8603: Possible null reference return. [K:\Customer Data\LPM\DJ_Booking\Fallen-Collective-Booking\DJBookingSystem_2po2qqzl_wpftmp.csproj]
K:\Customer Data\LPM\DJ_Booking\Fallen-Collective-Booking\Services\CandyBotVoiceMapper.cs(243,55): warning CS8603: Possible null reference return. [K:\Customer Data\LPM\DJ_Booking\Fallen-Collective-Booking\DJBookingSystem_2po2qqzl_wpftmp.csproj]
K:\Customer Data\LPM\DJ_Booking\Fallen-Collective-Booking\Services\CandyBotVoiceMapper.cs(248,56): warning CS8603: Possible null reference return. [K:\Customer Data\LPM\DJ_Booking\Fallen-Collective-Booking\DJBookingSystem_2po2qqzl_wpftmp.csproj]
K:\Customer Data\LPM\DJ_Booking\Fallen-Collective-Booking\Services\CandyBotVoiceMapper.cs(253,53): warning CS8603: Possible null reference return. [K:\Customer Data\LPM\DJ_Booking\Fallen-Collective-Booking\DJBookingSystem_2po2qqzl_wpftmp.csproj]
K:\Customer Data\LPM\DJ_Booking\Fallen-Collective-Booking\MainWindow.MenuHandlers.cs(311,46): warning CS8625: Cannot convert null literal to non-nullable reference type. [K:\Customer Data\LPM\DJ_Booking\Fallen-Collective-Booking\DJBookingSystem_2po2qqzl_wpftmp.csproj]
K:\Customer Data\LPM\DJ_Booking\Fallen-Collective-Booking\MainWindow.MenuHandlers.cs(311,52): warning CS8625: Cannot convert null literal to non-nullable reference type. [K:\Customer Data\LPM\DJ_Booking\Fallen-Collective-Booking\DJBookingSystem_2po2qqzl_wpftmp.csproj]
K:\Customer Data\LPM\DJ_Booking\Fallen-Collective-Booking\MainWindow.MenuHandlers.cs(320,47): warning CS8625: Cannot convert null literal to non-nullable reference type. [K:\Customer Data\LPM\DJ_Booking\Fallen-Collective-Booking\DJBookingSystem_2po2qqzl_wpftmp.csproj]
K:\Customer Data\LPM\DJ_Booking\Fallen-Collective-Booking\MainWindow.MenuHandlers.cs(320,53): warning CS8625: Cannot convert null literal to non-nullable reference type. [K:\Customer Data\LPM\DJ_Booking\Fallen-Collective-Booking\DJBookingSystem_2po2qqzl_wpftmp.csproj]
K:\Customer Data\LPM\DJ_Booking\Fallen-Collective-Booking\Services\ExtensiveChatBot.cs(422,41): warning CS1998: This async method lacks 'await' operators and will run synchronously. Consider using the 'await' operator to await non-blocking API calls, or 'await Task.Run(...)' to do CPU-bound work on a background thread. [K:\Customer Data\LPM\DJ_Booking\Fallen-Collective-Booking\DJBookingSystem_2po2qqzl_wpftmp.csproj]
K:\Customer Data\LPM\DJ_Booking\Fallen-Collective-Booking\Services\SecureUpdateClient.cs(51,61): warning CS8622: Nullability of reference types in type of parameter 'certificate' of 'bool SecureUpdateClient.ValidateServerCertificate(HttpRequestMessage request, X509Certificate2 certificate, X509Chain chain, SslPolicyErrors sslPolicyErrors)' doesn't match the target delegate 'Func<HttpRequestMessage, X509Certificate2?, X509Chain?, SslPolicyErrors, bool>' (possibly because of nullability attributes). [K:\Customer Data\LPM\DJ_Booking\Fallen-Collective-Booking\DJBookingSystem_2po2qqzl_wpftmp.csproj]
K:\Customer Data\LPM\DJ_Booking\Fallen-Collective-Booking\Services\SecureUpdateClient.cs(51,61): warning CS8622: Nullability of reference types in type of parameter 'chain' of 'bool SecureUpdateClient.ValidateServerCertificate(HttpRequestMessage request, X509Certificate2 certificate, X509Chain chain, SslPolicyErrors sslPolicyErrors)' doesn't match the target delegate 'Func<HttpRequestMessage, X509Certificate2?, X509Chain?, SslPolicyErrors, bool>' (possibly because of nullability attributes). [K:\Customer Data\LPM\DJ_Booking\Fallen-Collective-Booking\DJBookingSystem_2po2qqzl_wpftmp.csproj]
K:\Customer Data\LPM\DJ_Booking\Fallen-Collective-Booking\Services\RadioBossService.cs(367,24): warning CS8603: Possible null reference return. [K:\Customer Data\LPM\DJ_Booking\Fallen-Collective-Booking\DJBookingSystem_2po2qqzl_wpftmp.csproj]
K:\Customer Data\LPM\DJ_Booking\Fallen-Collective-Booking\Services\DiscordService.cs(17,25): warning CS0169: The field 'DiscordService._webhookUrl' is never used [K:\Customer Data\LPM\DJ_Booking\Fallen-Collective-Booking\DJBookingSystem_2po2qqzl_wpftmp.csproj]
K:\Customer Data\LPM\DJ_Booking\Fallen-Collective-Booking\Services\OnlineUserStatusService.cs(22,41): warning CS0169: The field 'OnlineUserStatusService._syncTimer' is never used [K:\Customer Data\LPM\DJ_Booking\Fallen-Collective-Booking\DJBookingSystem_2po2qqzl_wpftmp.csproj]
K:\Customer Data\LPM\DJ_Booking\Fallen-Collective-Booking\CandyBotWindow.xaml.cs(97,21): warning CS8604: Possible null reference argument for parameter 'currentUser' in 'Task<string> CandyBotService.GetContextualResponseAsync(string userMessage, User currentUser, int bookingCount = 0, string currentPage = "")'. [K:\Customer Data\LPM\DJ_Booking\Fallen-Collective-Booking\DJBookingSystem.csproj]
K:\Customer Data\LPM\DJ_Booking\Fallen-Collective-Booking\CandyBotWindow.xaml.cs(95,41): warning CS8602: Dereference of a possibly null reference. [K:\Customer Data\LPM\DJ_Booking\Fallen-Collective-Booking\DJBookingSystem.csproj]
K:\Customer Data\LPM\DJ_Booking\Fallen-Collective-Booking\AdminVenueManagementWindow.xaml.cs(203,17): warning CS0618: 'Venue.OpenTime' is obsolete: 'Use DaySchedules instead' [K:\Customer Data\LPM\DJ_Booking\Fallen-Collective-Booking\DJBookingSystem.csproj]
K:\Customer Data\LPM\DJ_Booking\Fallen-Collective-Booking\AdminVenueManagementWindow.xaml.cs(204,17): warning CS0618: 'Venue.CloseTime' is obsolete: 'Use DaySchedules instead' [K:\Customer Data\LPM\DJ_Booking\Fallen-Collective-Booking\DJBookingSystem.csproj]
K:\Customer Data\LPM\DJ_Booking\Fallen-Collective-Booking\InteractiveGuide\TutorialSteps.cs(14,41): warning CS8625: Cannot convert null literal to non-nullable reference type. [K:\Customer Data\LPM\DJ_Booking\Fallen-Collective-Booking\DJBookingSystem.csproj]
K:\Customer Data\LPM\DJ_Booking\Fallen-Collective-Booking\InteractiveGuide\TutorialSteps.cs(93,37): warning CS8625: Cannot convert null literal to non-nullable reference type. [K:\Customer Data\LPM\DJ_Booking\Fallen-Collective-Booking\DJBookingSystem.csproj]
K:\Customer Data\LPM\DJ_Booking\Fallen-Collective-Booking\InteractiveGuide\TutorialSteps.cs(107,41): warning CS8625: Cannot convert null literal to non-nullable reference type. [K:\Customer Data\LPM\DJ_Booking\Fallen-Collective-Booking\DJBookingSystem.csproj]
K:\Customer Data\LPM\DJ_Booking\Fallen-Collective-Booking\InteractiveGuide\TutorialSteps.cs(210,37): warning CS8625: Cannot convert null literal to non-nullable reference type. [K:\Customer Data\LPM\DJ_Booking\Fallen-Collective-Booking\DJBookingSystem.csproj]
K:\Customer Data\LPM\DJ_Booking\Fallen-Collective-Booking\CandyBotDesktopWidget.xaml.cs(334,13): warning CS4014: Because this call is not awaited, execution of the current method continues before the call is completed. Consider applying the 'await' operator to the result of the call. [K:\Customer Data\LPM\DJ_Booking\Fallen-Collective-Booking\DJBookingSystem.csproj]
K:\Customer Data\LPM\DJ_Booking\Fallen-Collective-Booking\InteractiveGuide\TutorialOverlay.cs(267,23): warning CS8618: Non-nullable property 'NarrationText' must contain a non-null value when exiting constructor. Consider adding the 'required' modifier or declaring the property as nullable. [K:\Customer Data\LPM\DJ_Booking\Fallen-Collective-Booking\DJBookingSystem.csproj]
K:\Customer Data\LPM\DJ_Booking\Fallen-Collective-Booking\InteractiveGuide\TutorialOverlay.cs(268,23): warning CS8618: Non-nullable property 'TargetElementName' must contain a non-null value when exiting constructor. Consider adding the 'required' modifier or declaring the property as nullable. [K:\Customer Data\LPM\DJ_Booking\Fallen-Collective-Booking\DJBookingSystem.csproj]
K:\Customer Data\LPM\DJ_Booking\Fallen-Collective-Booking\InteractiveGuide\TutorialOverlay.cs(269,23): warning CS8618: Non-nullable property 'AudioFile' must contain a non-null value when exiting constructor. Consider adding the 'required' modifier or declaring the property as nullable. [K:\Customer Data\LPM\DJ_Booking\Fallen-Collective-Booking\DJBookingSystem.csproj]
K:\Customer Data\LPM\DJ_Booking\Fallen-Collective-Booking\CandyBotDesktopWidget.xaml.cs(343,17): warning CS4014: Because this call is not awaited, execution of the current method continues before the call is completed. Consider applying the 'await' operator to the result of the call. [K:\Customer Data\LPM\DJ_Booking\Fallen-Collective-Booking\DJBookingSystem.csproj]
K:\Customer Data\LPM\DJ_Booking\Fallen-Collective-Booking\InteractiveGuide\TutorialOverlay.cs(27,16): warning CS8618: Non-nullable field '_overlayCanvas' must contain a non-null value when exiting constructor. Consider adding the 'required' modifier or declaring the field as nullable. [K:\Customer Data\LPM\DJ_Booking\Fallen-Collective-Booking\DJBookingSystem.csproj]
K:\Customer Data\LPM\DJ_Booking\Fallen-Collective-Booking\InteractiveGuide\TutorialOverlay.cs(27,16): warning CS8618: Non-nullable field '_candyBotPanel' must contain a non-null value when exiting constructor. Consider adding the 'required' modifier or declaring the field as nullable. [K:\Customer Data\LPM\DJ_Booking\Fallen-Collective-Booking\DJBookingSystem.csproj]
K:\Customer Data\LPM\DJ_Booking\Fallen-Collective-Booking\InteractiveGuide\TutorialOverlay.cs(27,16): warning CS8618: Non-nullable field '_candyBotAvatar' must contain a non-null value when exiting constructor. Consider adding the 'required' modifier or declaring the field as nullable. [K:\Customer Data\LPM\DJ_Booking\Fallen-Collective-Booking\DJBookingSystem.csproj]
K:\Customer Data\LPM\DJ_Booking\Fallen-Collective-Booking\InteractiveGuide\TutorialOverlay.cs(27,16): warning CS8618: Non-nullable field '_narratorText' must contain a non-null value when exiting constructor. Consider adding the 'required' modifier or declaring the field as nullable. [K:\Customer Data\LPM\DJ_Booking\Fallen-Collective-Booking\DJBookingSystem.csproj]
K:\Customer Data\LPM\DJ_Booking\Fallen-Collective-Booking\InteractiveGuide\TutorialOverlay.cs(27,16): warning CS8618: Non-nullable field '_spotlight' must contain a non-null value when exiting constructor. Consider adding the 'required' modifier or declaring the field as nullable. [K:\Customer Data\LPM\DJ_Booking\Fallen-Collective-Booking\DJBookingSystem.csproj]
K:\Customer Data\LPM\DJ_Booking\Fallen-Collective-Booking\InteractiveGuide\TutorialOverlay.cs(27,16): warning CS8618: Non-nullable field '_controls' must contain a non-null value when exiting constructor. Consider adding the 'required' modifier or declaring the field as nullable. [K:\Customer Data\LPM\DJ_Booking\Fallen-Collective-Booking\DJBookingSystem.csproj]
K:\Customer Data\LPM\DJ_Booking\Fallen-Collective-Booking\CandyBotDesktopWidget.xaml.cs(355,13): warning CS4014: Because this call is not awaited, execution of the current method continues before the call is completed. Consider applying the 'await' operator to the result of the call. [K:\Customer Data\LPM\DJ_Booking\Fallen-Collective-Booking\DJBookingSystem.csproj]
K:\Customer Data\LPM\DJ_Booking\Fallen-Collective-Booking\CandyBotDesktopWidget.xaml.cs(373,13): warning CS4014: Because this call is not awaited, execution of the current method continues before the call is completed. Consider applying the 'await' operator to the result of the call. [K:\Customer Data\LPM\DJ_Booking\Fallen-Collective-Booking\DJBookingSystem.csproj]
K:\Customer Data\LPM\DJ_Booking\Fallen-Collective-Booking\AdminBookingManagementWindow.xaml.cs(173,21): warning CS0618: 'Booking.BookingDate' is obsolete: 'Use DayOfWeek, WeekNumber, and TimeSlot instead' [K:\Customer Data\LPM\DJ_Booking\Fallen-Collective-Booking\DJBookingSystem.csproj]
K:\Customer Data\LPM\DJ_Booking\Fallen-Collective-Booking\AdminBookingManagementWindow.xaml.cs(191,21): warning CS0618: 'Booking.BookingDate' is obsolete: 'Use DayOfWeek, WeekNumber, and TimeSlot instead' [K:\Customer Data\LPM\DJ_Booking\Fallen-Collective-Booking\DJBookingSystem.csproj]
K:\Customer Data\LPM\DJ_Booking\Fallen-Collective-Booking\CandyBotDesktopWidget.xaml.cs(380,13): warning CS4014: Because this call is not awaited, execution of the current method continues before the call is completed. Consider applying the 'await' operator to the result of the call. [K:\Customer Data\LPM\DJ_Booking\Fallen-Collective-Booking\DJBookingSystem.csproj]
K:\Customer Data\LPM\DJ_Booking\Fallen-Collective-Booking\CandyBotDesktopWidget.xaml.cs(388,13): warning CS4014: Because this call is not awaited, execution of the current method continues before the call is completed. Consider applying the 'await' operator to the result of the call. [K:\Customer Data\LPM\DJ_Booking\Fallen-Collective-Booking\DJBookingSystem.csproj]
K:\Customer Data\LPM\DJ_Booking\Fallen-Collective-Booking\CandyBotDesktopWidget.xaml.cs(402,17): warning CS4014: Because this call is not awaited, execution of the current method continues before the call is completed. Consider applying the 'await' operator to the result of the call. [K:\Customer Data\LPM\DJ_Booking\Fallen-Collective-Booking\DJBookingSystem.csproj]
K:\Customer Data\LPM\DJ_Booking\Fallen-Collective-Booking\InteractiveGuide\GuidePlayerWindow.xaml.cs(21,41): warning CS8622: Nullability of reference types in type of parameter 'sender' of 'void GuidePlayerWindow.MediaPlayer_MediaOpened(object sender, EventArgs e)' doesn't match the target delegate 'EventHandler' (possibly because of nullability attributes). [K:\Customer Data\LPM\DJ_Booking\Fallen-Collective-Booking\DJBookingSystem.csproj]
K:\Customer Data\LPM\DJ_Booking\Fallen-Collective-Booking\InteractiveGuide\GuidePlayerWindow.xaml.cs(22,40): warning CS8622: Nullability of reference types in type of parameter 'sender' of 'void GuidePlayerWindow.MediaPlayer_MediaEnded(object sender, EventArgs e)' doesn't match the target delegate 'EventHandler' (possibly because of nullability attributes). [K:\Customer Data\LPM\DJ_Booking\Fallen-Collective-Booking\DJBookingSystem.csproj]
K:\Customer Data\LPM\DJ_Booking\Fallen-Collective-Booking\InteractiveGuide\GuidePlayerWindow.xaml.cs(26,28): warning CS8622: Nullability of reference types in type of parameter 'sender' of 'void GuidePlayerWindow.Timer_Tick(object sender, EventArgs e)' doesn't match the target delegate 'EventHandler' (possibly because of nullability attributes). [K:\Customer Data\LPM\DJ_Booking\Fallen-Collective-Booking\DJBookingSystem.csproj]
K:\Customer Data\LPM\DJ_Booking\Fallen-Collective-Booking\CandyBotDesktopWidget.xaml.cs(416,17): warning CS4014: Because this call is not awaited, execution of the current method continues before the call is completed. Consider applying the 'await' operator to the result of the call. [K:\Customer Data\LPM\DJ_Booking\Fallen-Collective-Booking\DJBookingSystem.csproj]
K:\Customer Data\LPM\DJ_Booking\Fallen-Collective-Booking\CandyBotDesktopWidget.xaml.cs(430,17): warning CS4014: Because this call is not awaited, execution of the current method continues before the call is completed. Consider applying the 'await' operator to the result of the call. [K:\Customer Data\LPM\DJ_Booking\Fallen-Collective-Booking\DJBookingSystem.csproj]
K:\Customer Data\LPM\DJ_Booking\Fallen-Collective-Booking\CandyBotDesktopWidget.xaml.cs(428,60): warning CS8625: Cannot convert null literal to non-nullable reference type. [K:\Customer Data\LPM\DJ_Booking\Fallen-Collective-Booking\DJBookingSystem.csproj]
K:\Customer Data\LPM\DJ_Booking\Fallen-Collective-Booking\CandyBotDesktopWidget.xaml.cs(428,66): warning CS8625: Cannot convert null literal to non-nullable reference type. [K:\Customer Data\LPM\DJ_Booking\Fallen-Collective-Booking\DJBookingSystem.csproj]
K:\Customer Data\LPM\DJ_Booking\Fallen-Collective-Booking\CandyBotDesktopWidget.xaml.cs(444,17): warning CS4014: Because this call is not awaited, execution of the current method continues before the call is completed. Consider applying the 'await' operator to the result of the call. [K:\Customer Data\LPM\DJ_Booking\Fallen-Collective-Booking\DJBookingSystem.csproj]
K:\Customer Data\LPM\DJ_Booking\Fallen-Collective-Booking\CandyBotDesktopWidget.xaml.cs(458,17): warning CS4014: Because this call is not awaited, execution of the current method continues before the call is completed. Consider applying the 'await' operator to the result of the call. [K:\Customer Data\LPM\DJ_Booking\Fallen-Collective-Booking\DJBookingSystem.csproj]
K:\Customer Data\LPM\DJ_Booking\Fallen-Collective-Booking\CandyBotDesktopWidget.xaml.cs(456,60): warning CS8625: Cannot convert null literal to non-nullable reference type. [K:\Customer Data\LPM\DJ_Booking\Fallen-Collective-Booking\DJBookingSystem.csproj]
K:\Customer Data\LPM\DJ_Booking\Fallen-Collective-Booking\CandyBotDesktopWidget.xaml.cs(456,66): warning CS8625: Cannot convert null literal to non-nullable reference type. [K:\Customer Data\LPM\DJ_Booking\Fallen-Collective-Booking\DJBookingSystem.csproj]
K:\Customer Data\LPM\DJ_Booking\Fallen-Collective-Booking\CandyBotDesktopWidget.xaml.cs(474,13): warning CS4014: Because this call is not awaited, execution of the current method continues before the call is completed. Consider applying the 'await' operator to the result of the call. [K:\Customer Data\LPM\DJ_Booking\Fallen-Collective-Booking\DJBookingSystem.csproj]
K:\Customer Data\LPM\DJ_Booking\Fallen-Collective-Booking\CandyBotDesktopWidget.xaml.cs(483,17): warning CS4014: Because this call is not awaited, execution of the current method continues before the call is completed. Consider applying the 'await' operator to the result of the call. [K:\Customer Data\LPM\DJ_Booking\Fallen-Collective-Booking\DJBookingSystem.csproj]
K:\Customer Data\LPM\DJ_Booking\Fallen-Collective-Booking\CandyBotDesktopWidget.xaml.cs(490,13): warning CS4014: Because this call is not awaited, execution of the current method continues before the call is completed. Consider applying the 'await' operator to the result of the call. [K:\Customer Data\LPM\DJ_Booking\Fallen-Collective-Booking\DJBookingSystem.csproj]
K:\Customer Data\LPM\DJ_Booking\Fallen-Collective-Booking\CandyBotDesktopWidget.xaml.cs(499,17): warning CS4014: Because this call is not awaited, execution of the current method continues before the call is completed. Consider applying the 'await' operator to the result of the call. [K:\Customer Data\LPM\DJ_Booking\Fallen-Collective-Booking\DJBookingSystem.csproj]
K:\Customer Data\LPM\DJ_Booking\Fallen-Collective-Booking\CandyBotDesktopWidget.xaml.cs(542,17): warning CS4014: Because this call is not awaited, execution of the current method continues before the call is completed. Consider applying the 'await' operator to the result of the call. [K:\Customer Data\LPM\DJ_Booking\Fallen-Collective-Booking\DJBookingSystem.csproj]
K:\Customer Data\LPM\DJ_Booking\Fallen-Collective-Booking\CandyBotDesktopWidget.xaml.cs(556,17): warning CS4014: Because this call is not awaited, execution of the current method continues before the call is completed. Consider applying the 'await' operator to the result of the call. [K:\Customer Data\LPM\DJ_Booking\Fallen-Collective-Booking\DJBookingSystem.csproj]
K:\Customer Data\LPM\DJ_Booking\Fallen-Collective-Booking\AdminBookingManagementWindow.xaml.cs(253,95): warning CS0618: 'Booking.BookingDate' is obsolete: 'Use DayOfWeek, WeekNumber, and TimeSlot instead' [K:\Customer Data\LPM\DJ_Booking\Fallen-Collective-Booking\DJBookingSystem.csproj]
K:\Customer Data\LPM\DJ_Booking\Fallen-Collective-Booking\InteractiveGuide\TutorialOverlay.cs(235,20): warning CS8603: Possible null reference return. [K:\Customer Data\LPM\DJ_Booking\Fallen-Collective-Booking\DJBookingSystem.csproj]
K:\Customer Data\LPM\DJ_Booking\Fallen-Collective-Booking\AdminBookingManagementWindow.xaml.cs(291,17): warning CS0618: 'Booking.BookingDate' is obsolete: 'Use DayOfWeek, WeekNumber, and TimeSlot instead' [K:\Customer Data\LPM\DJ_Booking\Fallen-Collective-Booking\DJBookingSystem.csproj]
K:\Customer Data\LPM\DJ_Booking\Fallen-Collective-Booking\AdminBookingManagementWindow.xaml.cs(301,85): warning CS0618: 'Booking.BookingDate' is obsolete: 'Use DayOfWeek, WeekNumber, and TimeSlot instead' [K:\Customer Data\LPM\DJ_Booking\Fallen-Collective-Booking\DJBookingSystem.csproj]
K:\Customer Data\LPM\DJ_Booking\Fallen-Collective-Booking\MainWindow.AdvancedTests.cs(261,23): warning CS8602: Dereference of a possibly null reference. [K:\Customer Data\LPM\DJ_Booking\Fallen-Collective-Booking\DJBookingSystem.csproj]
K:\Customer Data\LPM\DJ_Booking\Fallen-Collective-Booking\MultiDriveSearchWindow.xaml.cs(213,23): warning CS8602: Dereference of a possibly null reference. [K:\Customer Data\LPM\DJ_Booking\Fallen-Collective-Booking\DJBookingSystem.csproj]
K:\Customer Data\LPM\DJ_Booking\Fallen-Collective-Booking\MultiDriveSearchWindow.xaml.cs(226,23): warning CS8602: Dereference of a possibly null reference. [K:\Customer Data\LPM\DJ_Booking\Fallen-Collective-Booking\DJBookingSystem.csproj]
K:\Customer Data\LPM\DJ_Booking\Fallen-Collective-Booking\MultiDriveSearchWindow.xaml.cs(242,23): warning CS8602: Dereference of a possibly null reference. [K:\Customer Data\LPM\DJ_Booking\Fallen-Collective-Booking\DJBookingSystem.csproj]
K:\Customer Data\LPM\DJ_Booking\Fallen-Collective-Booking\AdminBookingManagementWindow.xaml.cs(319,17): warning CS0618: 'Booking.BookingDate' is obsolete: 'Use DayOfWeek, WeekNumber, and TimeSlot instead' [K:\Customer Data\LPM\DJ_Booking\Fallen-Collective-Booking\DJBookingSystem.csproj]
K:\Customer Data\LPM\DJ_Booking\Fallen-Collective-Booking\AdminBookingManagementWindow.xaml.cs(331,81): warning CS0618: 'Booking.BookingDate' is obsolete: 'Use DayOfWeek, WeekNumber, and TimeSlot instead' [K:\Customer Data\LPM\DJ_Booking\Fallen-Collective-Booking\DJBookingSystem.csproj]
K:\Customer Data\LPM\DJ_Booking\Fallen-Collective-Booking\Views\ChatView.xaml.cs(63,21): warning CS8602: Dereference of a possibly null reference. [K:\Customer Data\LPM\DJ_Booking\Fallen-Collective-Booking\DJBookingSystem.csproj]
K:\Customer Data\LPM\DJ_Booking\Fallen-Collective-Booking\Services\CandyBotImageGenerator.cs(189,35): warning CS8601: Possible null reference assignment. [K:\Customer Data\LPM\DJ_Booking\Fallen-Collective-Booking\DJBookingSystem.csproj]
K:\Customer Data\LPM\DJ_Booking\Fallen-Collective-Booking\Services\CandyBotImageGenerator.cs(243,51): warning CS1998: This async method lacks 'await' operators and will run synchronously. Consider using the 'await' operator to await non-blocking API calls, or 'await Task.Run(...)' to do CPU-bound work on a background thread. [K:\Customer Data\LPM\DJ_Booking\Fallen-Collective-Booking\DJBookingSystem.csproj]
K:\Customer Data\LPM\DJ_Booking\Fallen-Collective-Booking\MainWindow.MenuHandlers.cs(311,46): warning CS8625: Cannot convert null literal to non-nullable reference type. [K:\Customer Data\LPM\DJ_Booking\Fallen-Collective-Booking\DJBookingSystem.csproj]
K:\Customer Data\LPM\DJ_Booking\Fallen-Collective-Booking\MainWindow.MenuHandlers.cs(311,52): warning CS8625: Cannot convert null literal to non-nullable reference type. [K:\Customer Data\LPM\DJ_Booking\Fallen-Collective-Booking\DJBookingSystem.csproj]
K:\Customer Data\LPM\DJ_Booking\Fallen-Collective-Booking\MainWindow.MenuHandlers.cs(320,47): warning CS8625: Cannot convert null literal to non-nullable reference type. [K:\Customer Data\LPM\DJ_Booking\Fallen-Collective-Booking\DJBookingSystem.csproj]
K:\Customer Data\LPM\DJ_Booking\Fallen-Collective-Booking\MainWindow.MenuHandlers.cs(320,53): warning CS8625: Cannot convert null literal to non-nullable reference type. [K:\Customer Data\LPM\DJ_Booking\Fallen-Collective-Booking\DJBookingSystem.csproj]
K:\Customer Data\LPM\DJ_Booking\Fallen-Collective-Booking\Services\DiscordWebViewService.cs(95,17): warning CS8602: Dereference of a possibly null reference. [K:\Customer Data\LPM\DJ_Booking\Fallen-Collective-Booking\DJBookingSystem.csproj]
K:\Customer Data\LPM\DJ_Booking\Fallen-Collective-Booking\Services\CandyBotVoiceMapper.cs(233,56): warning CS8603: Possible null reference return. [K:\Customer Data\LPM\DJ_Booking\Fallen-Collective-Booking\DJBookingSystem.csproj]
K:\Customer Data\LPM\DJ_Booking\Fallen-Collective-Booking\Services\CandyBotVoiceMapper.cs(238,52): warning CS8603: Possible null reference return. [K:\Customer Data\LPM\DJ_Booking\Fallen-Collective-Booking\DJBookingSystem.csproj]
K:\Customer Data\LPM\DJ_Booking\Fallen-Collective-Booking\Services\CandyBotVoiceMapper.cs(243,55): warning CS8603: Possible null reference return. [K:\Customer Data\LPM\DJ_Booking\Fallen-Collective-Booking\DJBookingSystem.csproj]
K:\Customer Data\LPM\DJ_Booking\Fallen-Collective-Booking\Services\CandyBotVoiceMapper.cs(248,56): warning CS8603: Possible null reference return. [K:\Customer Data\LPM\DJ_Booking\Fallen-Collective-Booking\DJBookingSystem.csproj]
K:\Customer Data\LPM\DJ_Booking\Fallen-Collective-Booking\Services\CandyBotVoiceMapper.cs(253,53): warning CS8603: Possible null reference return. [K:\Customer Data\LPM\DJ_Booking\Fallen-Collective-Booking\DJBookingSystem.csproj]
K:\Customer Data\LPM\DJ_Booking\Fallen-Collective-Booking\Services\SecureUpdateClient.cs(51,61): warning CS8622: Nullability of reference types in type of parameter 'certificate' of 'bool SecureUpdateClient.ValidateServerCertificate(HttpRequestMessage request, X509Certificate2 certificate, X509Chain chain, SslPolicyErrors sslPolicyErrors)' doesn't match the target delegate 'Func<HttpRequestMessage, X509Certificate2?, X509Chain?, SslPolicyErrors, bool>' (possibly because of nullability attributes). [K:\Customer Data\LPM\DJ_Booking\Fallen-Collective-Booking\DJBookingSystem.csproj]
K:\Customer Data\LPM\DJ_Booking\Fallen-Collective-Booking\Services\SecureUpdateClient.cs(51,61): warning CS8622: Nullability of reference types in type of parameter 'chain' of 'bool SecureUpdateClient.ValidateServerCertificate(HttpRequestMessage request, X509Certificate2 certificate, X509Chain chain, SslPolicyErrors sslPolicyErrors)' doesn't match the target delegate 'Func<HttpRequestMessage, X509Certificate2?, X509Chain?, SslPolicyErrors, bool>' (possibly because of nullability attributes). [K:\Customer Data\LPM\DJ_Booking\Fallen-Collective-Booking\DJBookingSystem.csproj]
K:\Customer Data\LPM\DJ_Booking\Fallen-Collective-Booking\Services\ExtensiveChatBot.cs(422,41): warning CS1998: This async method lacks 'await' operators and will run synchronously. Consider using the 'await' operator to await non-blocking API calls, or 'await Task.Run(...)' to do CPU-bound work on a background thread. [K:\Customer Data\LPM\DJ_Booking\Fallen-Collective-Booking\DJBookingSystem.csproj]
K:\Customer Data\LPM\DJ_Booking\Fallen-Collective-Booking\MultiDriveSearchWindow.xaml.cs(609,23): warning CS8602: Dereference of a possibly null reference. [K:\Customer Data\LPM\DJ_Booking\Fallen-Collective-Booking\DJBookingSystem.csproj]
K:\Customer Data\LPM\DJ_Booking\Fallen-Collective-Booking\Services\RadioBossService.cs(367,24): warning CS8603: Possible null reference return. [K:\Customer Data\LPM\DJ_Booking\Fallen-Collective-Booking\DJBookingSystem.csproj]
K:\Customer Data\LPM\DJ_Booking\Fallen-Collective-Booking\Services\DiscordService.cs(17,25): warning CS0169: The field 'DiscordService._webhookUrl' is never used [K:\Customer Data\LPM\DJ_Booking\Fallen-Collective-Booking\DJBookingSystem.csproj]
K:\Customer Data\LPM\DJ_Booking\Fallen-Collective-Booking\Services\OnlineUserStatusService.cs(22,41): warning CS0169: The field 'OnlineUserStatusService._syncTimer' is never used [K:\Customer Data\LPM\DJ_Booking\Fallen-Collective-Booking\DJBookingSystem.csproj]
  DJBookingSystem -> K:\Customer Data\LPM\DJ_Booking\Fallen-Collective-Booking\bin\Debug\net8.0-windows\DJBookingSystem.dll

Build succeeded.

K:\Customer Data\LPM\DJ_Booking\Fallen-Collective-Booking\CandyBotWindow.xaml.cs(97,21): warning CS8604: Possible null reference argument for parameter 'currentUser' in 'Task<string> CandyBotService.GetContextualResponseAsync(string userMessage, User currentUser, int bookingCount = 0, string currentPage = "")'. [K:\Customer Data\LPM\DJ_Booking\Fallen-Collective-Booking\DJBookingSystem_2po2qqzl_wpftmp.csproj]
K:\Customer Data\LPM\DJ_Booking\Fallen-Collective-Booking\CandyBotWindow.xaml.cs(95,41): warning CS8602: Dereference of a possibly null reference. [K:\Customer Data\LPM\DJ_Booking\Fallen-Collective-Booking\DJBookingSystem_2po2qqzl_wpftmp.csproj]
K:\Customer Data\LPM\DJ_Booking\Fallen-Collective-Booking\AdminVenueManagementWindow.xaml.cs(203,17): warning CS0618: 'Venue.OpenTime' is obsolete: 'Use DaySchedules instead' [K:\Customer Data\LPM\DJ_Booking\Fallen-Collective-Booking\DJBookingSystem_2po2qqzl_wpftmp.csproj]
K:\Customer Data\LPM\DJ_Booking\Fallen-Collective-Booking\AdminVenueManagementWindow.xaml.cs(204,17): warning CS0618: 'Venue.CloseTime' is obsolete: 'Use DaySchedules instead' [K:\Customer Data\LPM\DJ_Booking\Fallen-Collective-Booking\DJBookingSystem_2po2qqzl_wpftmp.csproj]
K:\Customer Data\LPM\DJ_Booking\Fallen-Collective-Booking\CandyBotDesktopWidget.xaml.cs(334,13): warning CS4014: Because this call is not awaited, execution of the current method continues before the call is completed. Consider applying the 'await' operator to the result of the call. [K:\Customer Data\LPM\DJ_Booking\Fallen-Collective-Booking\DJBookingSystem_2po2qqzl_wpftmp.csproj]
K:\Customer Data\LPM\DJ_Booking\Fallen-Collective-Booking\CandyBotDesktopWidget.xaml.cs(343,17): warning CS4014: Because this call is not awaited, execution of the current method continues before the call is completed. Consider applying the 'await' operator to the result of the call. [K:\Customer Data\LPM\DJ_Booking\Fallen-Collective-Booking\DJBookingSystem_2po2qqzl_wpftmp.csproj]
K:\Customer Data\LPM\DJ_Booking\Fallen-Collective-Booking\InteractiveGuide\TutorialSteps.cs(14,41): warning CS8625: Cannot convert null literal to non-nullable reference type. [K:\Customer Data\LPM\DJ_Booking\Fallen-Collective-Booking\DJBookingSystem_2po2qqzl_wpftmp.csproj]
K:\Customer Data\LPM\DJ_Booking\Fallen-Collective-Booking\InteractiveGuide\TutorialSteps.cs(93,37): warning CS8625: Cannot convert null literal to non-nullable reference type. [K:\Customer Data\LPM\DJ_Booking\Fallen-Collective-Booking\DJBookingSystem_2po2qqzl_wpftmp.csproj]
K:\Customer Data\LPM\DJ_Booking\Fallen-Collective-Booking\CandyBotDesktopWidget.xaml.cs(355,13): warning CS4014: Because this call is not awaited, execution of the current method continues before the call is completed. Consider applying the 'await' operator to the result of the call. [K:\Customer Data\LPM\DJ_Booking\Fallen-Collective-Booking\DJBookingSystem_2po2qqzl_wpftmp.csproj]
K:\Customer Data\LPM\DJ_Booking\Fallen-Collective-Booking\CandyBotDesktopWidget.xaml.cs(373,13): warning CS4014: Because this call is not awaited, execution of the current method continues before the call is completed. Consider applying the 'await' operator to the result of the call. [K:\Customer Data\LPM\DJ_Booking\Fallen-Collective-Booking\DJBookingSystem_2po2qqzl_wpftmp.csproj]
K:\Customer Data\LPM\DJ_Booking\Fallen-Collective-Booking\CandyBotDesktopWidget.xaml.cs(380,13): warning CS4014: Because this call is not awaited, execution of the current method continues before the call is completed. Consider applying the 'await' operator to the result of the call. [K:\Customer Data\LPM\DJ_Booking\Fallen-Collective-Booking\DJBookingSystem_2po2qqzl_wpftmp.csproj]
K:\Customer Data\LPM\DJ_Booking\Fallen-Collective-Booking\InteractiveGuide\TutorialSteps.cs(107,41): warning CS8625: Cannot convert null literal to non-nullable reference type. [K:\Customer Data\LPM\DJ_Booking\Fallen-Collective-Booking\DJBookingSystem_2po2qqzl_wpftmp.csproj]
K:\Customer Data\LPM\DJ_Booking\Fallen-Collective-Booking\InteractiveGuide\TutorialSteps.cs(210,37): warning CS8625: Cannot convert null literal to non-nullable reference type. [K:\Customer Data\LPM\DJ_Booking\Fallen-Collective-Booking\DJBookingSystem_2po2qqzl_wpftmp.csproj]
K:\Customer Data\LPM\DJ_Booking\Fallen-Collective-Booking\CandyBotDesktopWidget.xaml.cs(388,13): warning CS4014: Because this call is not awaited, execution of the current method continues before the call is completed. Consider applying the 'await' operator to the result of the call. [K:\Customer Data\LPM\DJ_Booking\Fallen-Collective-Booking\DJBookingSystem_2po2qqzl_wpftmp.csproj]
K:\Customer Data\LPM\DJ_Booking\Fallen-Collective-Booking\InteractiveGuide\GuidePlayerWindow.xaml.cs(21,41): warning CS8622: Nullability of reference types in type of parameter 'sender' of 'void GuidePlayerWindow.MediaPlayer_MediaOpened(object sender, EventArgs e)' doesn't match the target delegate 'EventHandler' (possibly because of nullability attributes). [K:\Customer Data\LPM\DJ_Booking\Fallen-Collective-Booking\DJBookingSystem_2po2qqzl_wpftmp.csproj]
K:\Customer Data\LPM\DJ_Booking\Fallen-Collective-Booking\InteractiveGuide\GuidePlayerWindow.xaml.cs(22,40): warning CS8622: Nullability of reference types in type of parameter 'sender' of 'void GuidePlayerWindow.MediaPlayer_MediaEnded(object sender, EventArgs e)' doesn't match the target delegate 'EventHandler' (possibly because of nullability attributes). [K:\Customer Data\LPM\DJ_Booking\Fallen-Collective-Booking\DJBookingSystem_2po2qqzl_wpftmp.csproj]
K:\Customer Data\LPM\DJ_Booking\Fallen-Collective-Booking\InteractiveGuide\GuidePlayerWindow.xaml.cs(26,28): warning CS8622: Nullability of reference types in type of parameter 'sender' of 'void GuidePlayerWindow.Timer_Tick(object sender, EventArgs e)' doesn't match the target delegate 'EventHandler' (possibly because of nullability attributes). [K:\Customer Data\LPM\DJ_Booking\Fallen-Collective-Booking\DJBookingSystem_2po2qqzl_wpftmp.csproj]
K:\Customer Data\LPM\DJ_Booking\Fallen-Collective-Booking\InteractiveGuide\TutorialOverlay.cs(267,23): warning CS8618: Non-nullable property 'NarrationText' must contain a non-null value when exiting constructor. Consider adding the 'required' modifier or declaring the property as nullable. [K:\Customer Data\LPM\DJ_Booking\Fallen-Collective-Booking\DJBookingSystem_2po2qqzl_wpftmp.csproj]
K:\Customer Data\LPM\DJ_Booking\Fallen-Collective-Booking\InteractiveGuide\TutorialOverlay.cs(268,23): warning CS8618: Non-nullable property 'TargetElementName' must contain a non-null value when exiting constructor. Consider adding the 'required' modifier or declaring the property as nullable. [K:\Customer Data\LPM\DJ_Booking\Fallen-Collective-Booking\DJBookingSystem_2po2qqzl_wpftmp.csproj]
K:\Customer Data\LPM\DJ_Booking\Fallen-Collective-Booking\InteractiveGuide\TutorialOverlay.cs(269,23): warning CS8618: Non-nullable property 'AudioFile' must contain a non-null value when exiting constructor. Consider adding the 'required' modifier or declaring the property as nullable. [K:\Customer Data\LPM\DJ_Booking\Fallen-Collective-Booking\DJBookingSystem_2po2qqzl_wpftmp.csproj]
K:\Customer Data\LPM\DJ_Booking\Fallen-Collective-Booking\CandyBotDesktopWidget.xaml.cs(402,17): warning CS4014: Because this call is not awaited, execution of the current method continues before the call is completed. Consider applying the 'await' operator to the result of the call. [K:\Customer Data\LPM\DJ_Booking\Fallen-Collective-Booking\DJBookingSystem_2po2qqzl_wpftmp.csproj]
K:\Customer Data\LPM\DJ_Booking\Fallen-Collective-Booking\CandyBotDesktopWidget.xaml.cs(416,17): warning CS4014: Because this call is not awaited, execution of the current method continues before the call is completed. Consider applying the 'await' operator to the result of the call. [K:\Customer Data\LPM\DJ_Booking\Fallen-Collective-Booking\DJBookingSystem_2po2qqzl_wpftmp.csproj]
K:\Customer Data\LPM\DJ_Booking\Fallen-Collective-Booking\InteractiveGuide\TutorialOverlay.cs(27,16): warning CS8618: Non-nullable field '_overlayCanvas' must contain a non-null value when exiting constructor. Consider adding the 'required' modifier or declaring the field as nullable. [K:\Customer Data\LPM\DJ_Booking\Fallen-Collective-Booking\DJBookingSystem_2po2qqzl_wpftmp.csproj]
K:\Customer Data\LPM\DJ_Booking\Fallen-Collective-Booking\InteractiveGuide\TutorialOverlay.cs(27,16): warning CS8618: Non-nullable field '_candyBotPanel' must contain a non-null value when exiting constructor. Consider adding the 'required' modifier or declaring the field as nullable. [K:\Customer Data\LPM\DJ_Booking\Fallen-Collective-Booking\DJBookingSystem_2po2qqzl_wpftmp.csproj]
K:\Customer Data\LPM\DJ_Booking\Fallen-Collective-Booking\InteractiveGuide\TutorialOverlay.cs(27,16): warning CS8618: Non-nullable field '_candyBotAvatar' must contain a non-null value when exiting constructor. Consider adding the 'required' modifier or declaring the field as nullable. [K:\Customer Data\LPM\DJ_Booking\Fallen-Collective-Booking\DJBookingSystem_2po2qqzl_wpftmp.csproj]
K:\Customer Data\LPM\DJ_Booking\Fallen-Collective-Booking\InteractiveGuide\TutorialOverlay.cs(27,16): warning CS8618: Non-nullable field '_narratorText' must contain a non-null value when exiting constructor. Consider adding the 'required' modifier or declaring the field as nullable. [K:\Customer Data\LPM\DJ_Booking\Fallen-Collective-Booking\DJBookingSystem_2po2qqzl_wpftmp.csproj]
K:\Customer Data\LPM\DJ_Booking\Fallen-Collective-Booking\InteractiveGuide\TutorialOverlay.cs(27,16): warning CS8618: Non-nullable field '_spotlight' must contain a non-null value when exiting constructor. Consider adding the 'required' modifier or declaring the field as nullable. [K:\Customer Data\LPM\DJ_Booking\Fallen-Collective-Booking\DJBookingSystem_2po2qqzl_wpftmp.csproj]
K:\Customer Data\LPM\DJ_Booking\Fallen-Collective-Booking\InteractiveGuide\TutorialOverlay.cs(27,16): warning CS8618: Non-nullable field '_controls' must contain a non-null value when exiting constructor. Consider adding the 'required' modifier or declaring the field as nullable. [K:\Customer Data\LPM\DJ_Booking\Fallen-Collective-Booking\DJBookingSystem_2po2qqzl_wpftmp.csproj]
K:\Customer Data\LPM\DJ_Booking\Fallen-Collective-Booking\CandyBotDesktopWidget.xaml.cs(430,17): warning CS4014: Because this call is not awaited, execution of the current method continues before the call is completed. Consider applying the 'await' operator to the result of the call. [K:\Customer Data\LPM\DJ_Booking\Fallen-Collective-Booking\DJBookingSystem_2po2qqzl_wpftmp.csproj]
K:\Customer Data\LPM\DJ_Booking\Fallen-Collective-Booking\CandyBotDesktopWidget.xaml.cs(428,60): warning CS8625: Cannot convert null literal to non-nullable reference type. [K:\Customer Data\LPM\DJ_Booking\Fallen-Collective-Booking\DJBookingSystem_2po2qqzl_wpftmp.csproj]
K:\Customer Data\LPM\DJ_Booking\Fallen-Collective-Booking\CandyBotDesktopWidget.xaml.cs(428,66): warning CS8625: Cannot convert null literal to non-nullable reference type. [K:\Customer Data\LPM\DJ_Booking\Fallen-Collective-Booking\DJBookingSystem_2po2qqzl_wpftmp.csproj]
K:\Customer Data\LPM\DJ_Booking\Fallen-Collective-Booking\CandyBotDesktopWidget.xaml.cs(444,17): warning CS4014: Because this call is not awaited, execution of the current method continues before the call is completed. Consider applying the 'await' operator to the result of the call. [K:\Customer Data\LPM\DJ_Booking\Fallen-Collective-Booking\DJBookingSystem_2po2qqzl_wpftmp.csproj]
K:\Customer Data\LPM\DJ_Booking\Fallen-Collective-Booking\CandyBotDesktopWidget.xaml.cs(458,17): warning CS4014: Because this call is not awaited, execution of the current method continues before the call is completed. Consider applying the 'await' operator to the result of the call. [K:\Customer Data\LPM\DJ_Booking\Fallen-Collective-Booking\DJBookingSystem_2po2qqzl_wpftmp.csproj]
K:\Customer Data\LPM\DJ_Booking\Fallen-Collective-Booking\CandyBotDesktopWidget.xaml.cs(456,60): warning CS8625: Cannot convert null literal to non-nullable reference type. [K:\Customer Data\LPM\DJ_Booking\Fallen-Collective-Booking\DJBookingSystem_2po2qqzl_wpftmp.csproj]
K:\Customer Data\LPM\DJ_Booking\Fallen-Collective-Booking\CandyBotDesktopWidget.xaml.cs(456,66): warning CS8625: Cannot convert null literal to non-nullable reference type. [K:\Customer Data\LPM\DJ_Booking\Fallen-Collective-Booking\DJBookingSystem_2po2qqzl_wpftmp.csproj]
K:\Customer Data\LPM\DJ_Booking\Fallen-Collective-Booking\CandyBotDesktopWidget.xaml.cs(474,13): warning CS4014: Because this call is not awaited, execution of the current method continues before the call is completed. Consider applying the 'await' operator to the result of the call. [K:\Customer Data\LPM\DJ_Booking\Fallen-Collective-Booking\DJBookingSystem_2po2qqzl_wpftmp.csproj]
K:\Customer Data\LPM\DJ_Booking\Fallen-Collective-Booking\CandyBotDesktopWidget.xaml.cs(483,17): warning CS4014: Because this call is not awaited, execution of the current method continues before the call is completed. Consider applying the 'await' operator to the result of the call. [K:\Customer Data\LPM\DJ_Booking\Fallen-Collective-Booking\DJBookingSystem_2po2qqzl_wpftmp.csproj]
K:\Customer Data\LPM\DJ_Booking\Fallen-Collective-Booking\CandyBotDesktopWidget.xaml.cs(490,13): warning CS4014: Because this call is not awaited, execution of the current method continues before the call is completed. Consider applying the 'await' operator to the result of the call. [K:\Customer Data\LPM\DJ_Booking\Fallen-Collective-Booking\DJBookingSystem_2po2qqzl_wpftmp.csproj]
K:\Customer Data\LPM\DJ_Booking\Fallen-Collective-Booking\CandyBotDesktopWidget.xaml.cs(499,17): warning CS4014: Because this call is not awaited, execution of the current method continues before the call is completed. Consider applying the 'await' operator to the result of the call. [K:\Customer Data\LPM\DJ_Booking\Fallen-Collective-Booking\DJBookingSystem_2po2qqzl_wpftmp.csproj]
K:\Customer Data\LPM\DJ_Booking\Fallen-Collective-Booking\CandyBotDesktopWidget.xaml.cs(542,17): warning CS4014: Because this call is not awaited, execution of the current method continues before the call is completed. Consider applying the 'await' operator to the result of the call. [K:\Customer Data\LPM\DJ_Booking\Fallen-Collective-Booking\DJBookingSystem_2po2qqzl_wpftmp.csproj]
K:\Customer Data\LPM\DJ_Booking\Fallen-Collective-Booking\CandyBotDesktopWidget.xaml.cs(556,17): warning CS4014: Because this call is not awaited, execution of the current method continues before the call is completed. Consider applying the 'await' operator to the result of the call. [K:\Customer Data\LPM\DJ_Booking\Fallen-Collective-Booking\DJBookingSystem_2po2qqzl_wpftmp.csproj]
K:\Customer Data\LPM\DJ_Booking\Fallen-Collective-Booking\MainWindow.AdvancedTests.cs(261,23): warning CS8602: Dereference of a possibly null reference. [K:\Customer Data\LPM\DJ_Booking\Fallen-Collective-Booking\DJBookingSystem_2po2qqzl_wpftmp.csproj]
K:\Customer Data\LPM\DJ_Booking\Fallen-Collective-Booking\AdminBookingManagementWindow.xaml.cs(173,21): warning CS0618: 'Booking.BookingDate' is obsolete: 'Use DayOfWeek, WeekNumber, and TimeSlot instead' [K:\Customer Data\LPM\DJ_Booking\Fallen-Collective-Booking\DJBookingSystem_2po2qqzl_wpftmp.csproj]
K:\Customer Data\LPM\DJ_Booking\Fallen-Collective-Booking\AdminBookingManagementWindow.xaml.cs(191,21): warning CS0618: 'Booking.BookingDate' is obsolete: 'Use DayOfWeek, WeekNumber, and TimeSlot instead' [K:\Customer Data\LPM\DJ_Booking\Fallen-Collective-Booking\DJBookingSystem_2po2qqzl_wpftmp.csproj]
K:\Customer Data\LPM\DJ_Booking\Fallen-Collective-Booking\AdminBookingManagementWindow.xaml.cs(253,95): warning CS0618: 'Booking.BookingDate' is obsolete: 'Use DayOfWeek, WeekNumber, and TimeSlot instead' [K:\Customer Data\LPM\DJ_Booking\Fallen-Collective-Booking\DJBookingSystem_2po2qqzl_wpftmp.csproj]
K:\Customer Data\LPM\DJ_Booking\Fallen-Collective-Booking\AdminBookingManagementWindow.xaml.cs(291,17): warning CS0618: 'Booking.BookingDate' is obsolete: 'Use DayOfWeek, WeekNumber, and TimeSlot instead' [K:\Customer Data\LPM\DJ_Booking\Fallen-Collective-Booking\DJBookingSystem_2po2qqzl_wpftmp.csproj]
K:\Customer Data\LPM\DJ_Booking\Fallen-Collective-Booking\AdminBookingManagementWindow.xaml.cs(301,85): warning CS0618: 'Booking.BookingDate' is obsolete: 'Use DayOfWeek, WeekNumber, and TimeSlot instead' [K:\Customer Data\LPM\DJ_Booking\Fallen-Collective-Booking\DJBookingSystem_2po2qqzl_wpftmp.csproj]
K:\Customer Data\LPM\DJ_Booking\Fallen-Collective-Booking\MultiDriveSearchWindow.xaml.cs(213,23): warning CS8602: Dereference of a possibly null reference. [K:\Customer Data\LPM\DJ_Booking\Fallen-Collective-Booking\DJBookingSystem_2po2qqzl_wpftmp.csproj]
K:\Customer Data\LPM\DJ_Booking\Fallen-Collective-Booking\MultiDriveSearchWindow.xaml.cs(226,23): warning CS8602: Dereference of a possibly null reference. [K:\Customer Data\LPM\DJ_Booking\Fallen-Collective-Booking\DJBookingSystem_2po2qqzl_wpftmp.csproj]
K:\Customer Data\LPM\DJ_Booking\Fallen-Collective-Booking\MultiDriveSearchWindow.xaml.cs(242,23): warning CS8602: Dereference of a possibly null reference. [K:\Customer Data\LPM\DJ_Booking\Fallen-Collective-Booking\DJBookingSystem_2po2qqzl_wpftmp.csproj]
K:\Customer Data\LPM\DJ_Booking\Fallen-Collective-Booking\AdminBookingManagementWindow.xaml.cs(319,17): warning CS0618: 'Booking.BookingDate' is obsolete: 'Use DayOfWeek, WeekNumber, and TimeSlot instead' [K:\Customer Data\LPM\DJ_Booking\Fallen-Collective-Booking\DJBookingSystem_2po2qqzl_wpftmp.csproj]
K:\Customer Data\LPM\DJ_Booking\Fallen-Collective-Booking\AdminBookingManagementWindow.xaml.cs(331,81): warning CS0618: 'Booking.BookingDate' is obsolete: 'Use DayOfWeek, WeekNumber, and TimeSlot instead' [K:\Customer Data\LPM\DJ_Booking\Fallen-Collective-Booking\DJBookingSystem_2po2qqzl_wpftmp.csproj]
K:\Customer Data\LPM\DJ_Booking\Fallen-Collective-Booking\Services\CandyBotImageGenerator.cs(189,35): warning CS8601: Possible null reference assignment. [K:\Customer Data\LPM\DJ_Booking\Fallen-Collective-Booking\DJBookingSystem_2po2qqzl_wpftmp.csproj]
K:\Customer Data\LPM\DJ_Booking\Fallen-Collective-Booking\Services\CandyBotImageGenerator.cs(243,51): warning CS1998: This async method lacks 'await' operators and will run synchronously. Consider using the 'await' operator to await non-blocking API calls, or 'await Task.Run(...)' to do CPU-bound work on a background thread. [K:\Customer Data\LPM\DJ_Booking\Fallen-Collective-Booking\DJBookingSystem_2po2qqzl_wpftmp.csproj]
K:\Customer Data\LPM\DJ_Booking\Fallen-Collective-Booking\Views\ChatView.xaml.cs(63,21): warning CS8602: Dereference of a possibly null reference. [K:\Customer Data\LPM\DJ_Booking\Fallen-Collective-Booking\DJBookingSystem_2po2qqzl_wpftmp.csproj]
K:\Customer Data\LPM\DJ_Booking\Fallen-Collective-Booking\InteractiveGuide\TutorialOverlay.cs(235,20): warning CS8603: Possible null reference return. [K:\Customer Data\LPM\DJ_Booking\Fallen-Collective-Booking\DJBookingSystem_2po2qqzl_wpftmp.csproj]
K:\Customer Data\LPM\DJ_Booking\Fallen-Collective-Booking\MultiDriveSearchWindow.xaml.cs(609,23): warning CS8602: Dereference of a possibly null reference. [K:\Customer Data\LPM\DJ_Booking\Fallen-Collective-Booking\DJBookingSystem_2po2qqzl_wpftmp.csproj]
K:\Customer Data\LPM\DJ_Booking\Fallen-Collective-Booking\Services\DiscordWebViewService.cs(95,17): warning CS8602: Dereference of a possibly null reference. [K:\Customer Data\LPM\DJ_Booking\Fallen-Collective-Booking\DJBookingSystem_2po2qqzl_wpftmp.csproj]
K:\Customer Data\LPM\DJ_Booking\Fallen-Collective-Booking\Services\CandyBotVoiceMapper.cs(233,56): warning CS8603: Possible null reference return. [K:\Customer Data\LPM\DJ_Booking\Fallen-Collective-Booking\DJBookingSystem_2po2qqzl_wpftmp.csproj]
K:\Customer Data\LPM\DJ_Booking\Fallen-Collective-Booking\Services\CandyBotVoiceMapper.cs(238,52): warning CS8603: Possible null reference return. [K:\Customer Data\LPM\DJ_Booking\Fallen-Collective-Booking\DJBookingSystem_2po2qqzl_wpftmp.csproj]
K:\Customer Data\LPM\DJ_Booking\Fallen-Collective-Booking\Services\CandyBotVoiceMapper.cs(243,55): warning CS8603: Possible null reference return. [K:\Customer Data\LPM\DJ_Booking\Fallen-Collective-Booking\DJBookingSystem_2po2qqzl_wpftmp.csproj]
K:\Customer Data\LPM\DJ_Booking\Fallen-Collective-Booking\Services\CandyBotVoiceMapper.cs(248,56): warning CS8603: Possible null reference return. [K:\Customer Data\LPM\DJ_Booking\Fallen-Collective-Booking\DJBookingSystem_2po2qqzl_wpftmp.csproj]
K:\Customer Data\LPM\DJ_Booking\Fallen-Collective-Booking\Services\CandyBotVoiceMapper.cs(253,53): warning CS8603: Possible null reference return. [K:\Customer Data\LPM\DJ_Booking\Fallen-Collective-Booking\DJBookingSystem_2po2qqzl_wpftmp.csproj]
K:\Customer Data\LPM\DJ_Booking\Fallen-Collective-Booking\MainWindow.MenuHandlers.cs(311,46): warning CS8625: Cannot convert null literal to non-nullable reference type. [K:\Customer Data\LPM\DJ_Booking\Fallen-Collective-Booking\DJBookingSystem_2po2qqzl_wpftmp.csproj]
K:\Customer Data\LPM\DJ_Booking\Fallen-Collective-Booking\MainWindow.MenuHandlers.cs(311,52): warning CS8625: Cannot convert null literal to non-nullable reference type. [K:\Customer Data\LPM\DJ_Booking\Fallen-Collective-Booking\DJBookingSystem_2po2qqzl_wpftmp.csproj]
K:\Customer Data\LPM\DJ_Booking\Fallen-Collective-Booking\MainWindow.MenuHandlers.cs(320,47): warning CS8625: Cannot convert null literal to non-nullable reference type. [K:\Customer Data\LPM\DJ_Booking\Fallen-Collective-Booking\DJBookingSystem_2po2qqzl_wpftmp.csproj]
K:\Customer Data\LPM\DJ_Booking\Fallen-Collective-Booking\MainWindow.MenuHandlers.cs(320,53): warning CS8625: Cannot convert null literal to non-nullable reference type. [K:\Customer Data\LPM\DJ_Booking\Fallen-Collective-Booking\DJBookingSystem_2po2qqzl_wpftmp.csproj]
K:\Customer Data\LPM\DJ_Booking\Fallen-Collective-Booking\Services\ExtensiveChatBot.cs(422,41): warning CS1998: This async method lacks 'await' operators and will run synchronously. Consider using the 'await' operator to await non-blocking API calls, or 'await Task.Run(...)' to do CPU-bound work on a background thread. [K:\Customer Data\LPM\DJ_Booking\Fallen-Collective-Booking\DJBookingSystem_2po2qqzl_wpftmp.csproj]
K:\Customer Data\LPM\DJ_Booking\Fallen-Collective-Booking\Services\SecureUpdateClient.cs(51,61): warning CS8622: Nullability of reference types in type of parameter 'certificate' of 'bool SecureUpdateClient.ValidateServerCertificate(HttpRequestMessage request, X509Certificate2 certificate, X509Chain chain, SslPolicyErrors sslPolicyErrors)' doesn't match the target delegate 'Func<HttpRequestMessage, X509Certificate2?, X509Chain?, SslPolicyErrors, bool>' (possibly because of nullability attributes). [K:\Customer Data\LPM\DJ_Booking\Fallen-Collective-Booking\DJBookingSystem_2po2qqzl_wpftmp.csproj]
K:\Customer Data\LPM\DJ_Booking\Fallen-Collective-Booking\Services\SecureUpdateClient.cs(51,61): warning CS8622: Nullability of reference types in type of parameter 'chain' of 'bool SecureUpdateClient.ValidateServerCertificate(HttpRequestMessage request, X509Certificate2 certificate, X509Chain chain, SslPolicyErrors sslPolicyErrors)' doesn't match the target delegate 'Func<HttpRequestMessage, X509Certificate2?, X509Chain?, SslPolicyErrors, bool>' (possibly because of nullability attributes). [K:\Customer Data\LPM\DJ_Booking\Fallen-Collective-Booking\DJBookingSystem_2po2qqzl_wpftmp.csproj]
K:\Customer Data\LPM\DJ_Booking\Fallen-Collective-Booking\Services\RadioBossService.cs(367,24): warning CS8603: Possible null reference return. [K:\Customer Data\LPM\DJ_Booking\Fallen-Collective-Booking\DJBookingSystem_2po2qqzl_wpftmp.csproj]
K:\Customer Data\LPM\DJ_Booking\Fallen-Collective-Booking\Services\DiscordService.cs(17,25): warning CS0169: The field 'DiscordService._webhookUrl' is never used [K:\Customer Data\LPM\DJ_Booking\Fallen-Collective-Booking\DJBookingSystem_2po2qqzl_wpftmp.csproj]
K:\Customer Data\LPM\DJ_Booking\Fallen-Collective-Booking\Services\OnlineUserStatusService.cs(22,41): warning CS0169: The field 'OnlineUserStatusService._syncTimer' is never used [K:\Customer Data\LPM\DJ_Booking\Fallen-Collective-Booking\DJBookingSystem_2po2qqzl_wpftmp.csproj]
K:\Customer Data\LPM\DJ_Booking\Fallen-Collective-Booking\CandyBotWindow.xaml.cs(97,21): warning CS8604: Possible null reference argument for parameter 'currentUser' in 'Task<string> CandyBotService.GetContextualResponseAsync(string userMessage, User currentUser, int bookingCount = 0, string currentPage = "")'. [K:\Customer Data\LPM\DJ_Booking\Fallen-Collective-Booking\DJBookingSystem.csproj]
K:\Customer Data\LPM\DJ_Booking\Fallen-Collective-Booking\CandyBotWindow.xaml.cs(95,41): warning CS8602: Dereference of a possibly null reference. [K:\Customer Data\LPM\DJ_Booking\Fallen-Collective-Booking\DJBookingSystem.csproj]
K:\Customer Data\LPM\DJ_Booking\Fallen-Collective-Booking\AdminVenueManagementWindow.xaml.cs(203,17): warning CS0618: 'Venue.OpenTime' is obsolete: 'Use DaySchedules instead' [K:\Customer Data\LPM\DJ_Booking\Fallen-Collective-Booking\DJBookingSystem.csproj]
K:\Customer Data\LPM\DJ_Booking\Fallen-Collective-Booking\AdminVenueManagementWindow.xaml.cs(204,17): warning CS0618: 'Venue.CloseTime' is obsolete: 'Use DaySchedules instead' [K:\Customer Data\LPM\DJ_Booking\Fallen-Collective-Booking\DJBookingSystem.csproj]
K:\Customer Data\LPM\DJ_Booking\Fallen-Collective-Booking\InteractiveGuide\TutorialSteps.cs(14,41): warning CS8625: Cannot convert null literal to non-nullable reference type. [K:\Customer Data\LPM\DJ_Booking\Fallen-Collective-Booking\DJBookingSystem.csproj]
K:\Customer Data\LPM\DJ_Booking\Fallen-Collective-Booking\InteractiveGuide\TutorialSteps.cs(93,37): warning CS8625: Cannot convert null literal to non-nullable reference type. [K:\Customer Data\LPM\DJ_Booking\Fallen-Collective-Booking\DJBookingSystem.csproj]
K:\Customer Data\LPM\DJ_Booking\Fallen-Collective-Booking\InteractiveGuide\TutorialSteps.cs(107,41): warning CS8625: Cannot convert null literal to non-nullable reference type. [K:\Customer Data\LPM\DJ_Booking\Fallen-Collective-Booking\DJBookingSystem.csproj]
K:\Customer Data\LPM\DJ_Booking\Fallen-Collective-Booking\InteractiveGuide\TutorialSteps.cs(210,37): warning CS8625: Cannot convert null literal to non-nullable reference type. [K:\Customer Data\LPM\DJ_Booking\Fallen-Collective-Booking\DJBookingSystem.csproj]
K:\Customer Data\LPM\DJ_Booking\Fallen-Collective-Booking\CandyBotDesktopWidget.xaml.cs(334,13): warning CS4014: Because this call is not awaited, execution of the current method continues before the call is completed. Consider applying the 'await' operator to the result of the call. [K:\Customer Data\LPM\DJ_Booking\Fallen-Collective-Booking\DJBookingSystem.csproj]
K:\Customer Data\LPM\DJ_Booking\Fallen-Collective-Booking\InteractiveGuide\TutorialOverlay.cs(267,23): warning CS8618: Non-nullable property 'NarrationText' must contain a non-null value when exiting constructor. Consider adding the 'required' modifier or declaring the property as nullable. [K:\Customer Data\LPM\DJ_Booking\Fallen-Collective-Booking\DJBookingSystem.csproj]
K:\Customer Data\LPM\DJ_Booking\Fallen-Collective-Booking\InteractiveGuide\TutorialOverlay.cs(268,23): warning CS8618: Non-nullable property 'TargetElementName' must contain a non-null value when exiting constructor. Consider adding the 'required' modifier or declaring the property as nullable. [K:\Customer Data\LPM\DJ_Booking\Fallen-Collective-Booking\DJBookingSystem.csproj]
K:\Customer Data\LPM\DJ_Booking\Fallen-Collective-Booking\InteractiveGuide\TutorialOverlay.cs(269,23): warning CS8618: Non-nullable property 'AudioFile' must contain a non-null value when exiting constructor. Consider adding the 'required' modifier or declaring the property as nullable. [K:\Customer Data\LPM\DJ_Booking\Fallen-Collective-Booking\DJBookingSystem.csproj]
K:\Customer Data\LPM\DJ_Booking\Fallen-Collective-Booking\CandyBotDesktopWidget.xaml.cs(343,17): warning CS4014: Because this call is not awaited, execution of the current method continues before the call is completed. Consider applying the 'await' operator to the result of the call. [K:\Customer Data\LPM\DJ_Booking\Fallen-Collective-Booking\DJBookingSystem.csproj]
K:\Customer Data\LPM\DJ_Booking\Fallen-Collective-Booking\InteractiveGuide\TutorialOverlay.cs(27,16): warning CS8618: Non-nullable field '_overlayCanvas' must contain a non-null value when exiting constructor. Consider adding the 'required' modifier or declaring the field as nullable. [K:\Customer Data\LPM\DJ_Booking\Fallen-Collective-Booking\DJBookingSystem.csproj]
K:\Customer Data\LPM\DJ_Booking\Fallen-Collective-Booking\InteractiveGuide\TutorialOverlay.cs(27,16): warning CS8618: Non-nullable field '_candyBotPanel' must contain a non-null value when exiting constructor. Consider adding the 'required' modifier or declaring the field as nullable. [K:\Customer Data\LPM\DJ_Booking\Fallen-Collective-Booking\DJBookingSystem.csproj]
K:\Customer Data\LPM\DJ_Booking\Fallen-Collective-Booking\InteractiveGuide\TutorialOverlay.cs(27,16): warning CS8618: Non-nullable field '_candyBotAvatar' must contain a non-null value when exiting constructor. Consider adding the 'required' modifier or declaring the field as nullable. [K:\Customer Data\LPM\DJ_Booking\Fallen-Collective-Booking\DJBookingSystem.csproj]
K:\Customer Data\LPM\DJ_Booking\Fallen-Collective-Booking\InteractiveGuide\TutorialOverlay.cs(27,16): warning CS8618: Non-nullable field '_narratorText' must contain a non-null value when exiting constructor. Consider adding the 'required' modifier or declaring the field as nullable. [K:\Customer Data\LPM\DJ_Booking\Fallen-Collective-Booking\DJBookingSystem.csproj]
K:\Customer Data\LPM\DJ_Booking\Fallen-Collective-Booking\InteractiveGuide\TutorialOverlay.cs(27,16): warning CS8618: Non-nullable field '_spotlight' must contain a non-null value when exiting constructor. Consider adding the 'required' modifier or declaring the field as nullable. [K:\Customer Data\LPM\DJ_Booking\Fallen-Collective-Booking\DJBookingSystem.csproj]
K:\Customer Data\LPM\DJ_Booking\Fallen-Collective-Booking\InteractiveGuide\TutorialOverlay.cs(27,16): warning CS8618: Non-nullable field '_controls' must contain a non-null value when exiting constructor. Consider adding the 'required' modifier or declaring the field as nullable. [K:\Customer Data\LPM\DJ_Booking\Fallen-Collective-Booking\DJBookingSystem.csproj]
K:\Customer Data\LPM\DJ_Booking\Fallen-Collective-Booking\CandyBotDesktopWidget.xaml.cs(355,13): warning CS4014: Because this call is not awaited, execution of the current method continues before the call is completed. Consider applying the 'await' operator to the result of the call. [K:\Customer Data\LPM\DJ_Booking\Fallen-Collective-Booking\DJBookingSystem.csproj]
K:\Customer Data\LPM\DJ_Booking\Fallen-Collective-Booking\CandyBotDesktopWidget.xaml.cs(373,13): warning CS4014: Because this call is not awaited, execution of the current method continues before the call is completed. Consider applying the 'await' operator to the result of the call. [K:\Customer Data\LPM\DJ_Booking\Fallen-Collective-Booking\DJBookingSystem.csproj]
K:\Customer Data\LPM\DJ_Booking\Fallen-Collective-Booking\AdminBookingManagementWindow.xaml.cs(173,21): warning CS0618: 'Booking.BookingDate' is obsolete: 'Use DayOfWeek, WeekNumber, and TimeSlot instead' [K:\Customer Data\LPM\DJ_Booking\Fallen-Collective-Booking\DJBookingSystem.csproj]
K:\Customer Data\LPM\DJ_Booking\Fallen-Collective-Booking\AdminBookingManagementWindow.xaml.cs(191,21): warning CS0618: 'Booking.BookingDate' is obsolete: 'Use DayOfWeek, WeekNumber, and TimeSlot instead' [K:\Customer Data\LPM\DJ_Booking\Fallen-Collective-Booking\DJBookingSystem.csproj]
K:\Customer Data\LPM\DJ_Booking\Fallen-Collective-Booking\CandyBotDesktopWidget.xaml.cs(380,13): warning CS4014: Because this call is not awaited, execution of the current method continues before the call is completed. Consider applying the 'await' operator to the result of the call. [K:\Customer Data\LPM\DJ_Booking\Fallen-Collective-Booking\DJBookingSystem.csproj]
K:\Customer Data\LPM\DJ_Booking\Fallen-Collective-Booking\CandyBotDesktopWidget.xaml.cs(388,13): warning CS4014: Because this call is not awaited, execution of the current method continues before the call is completed. Consider applying the 'await' operator to the result of the call. [K:\Customer Data\LPM\DJ_Booking\Fallen-Collective-Booking\DJBookingSystem.csproj]
K:\Customer Data\LPM\DJ_Booking\Fallen-Collective-Booking\CandyBotDesktopWidget.xaml.cs(402,17): warning CS4014: Because this call is not awaited, execution of the current method continues before the call is completed. Consider applying the 'await' operator to the result of the call. [K:\Customer Data\LPM\DJ_Booking\Fallen-Collective-Booking\DJBookingSystem.csproj]
K:\Customer Data\LPM\DJ_Booking\Fallen-Collective-Booking\InteractiveGuide\GuidePlayerWindow.xaml.cs(21,41): warning CS8622: Nullability of reference types in type of parameter 'sender' of 'void GuidePlayerWindow.MediaPlayer_MediaOpened(object sender, EventArgs e)' doesn't match the target delegate 'EventHandler' (possibly because of nullability attributes). [K:\Customer Data\LPM\DJ_Booking\Fallen-Collective-Booking\DJBookingSystem.csproj]
K:\Customer Data\LPM\DJ_Booking\Fallen-Collective-Booking\InteractiveGuide\GuidePlayerWindow.xaml.cs(22,40): warning CS8622: Nullability of reference types in type of parameter 'sender' of 'void GuidePlayerWindow.MediaPlayer_MediaEnded(object sender, EventArgs e)' doesn't match the target delegate 'EventHandler' (possibly because of nullability attributes). [K:\Customer Data\LPM\DJ_Booking\Fallen-Collective-Booking\DJBookingSystem.csproj]
K:\Customer Data\LPM\DJ_Booking\Fallen-Collective-Booking\InteractiveGuide\GuidePlayerWindow.xaml.cs(26,28): warning CS8622: Nullability of reference types in type of parameter 'sender' of 'void GuidePlayerWindow.Timer_Tick(object sender, EventArgs e)' doesn't match the target delegate 'EventHandler' (possibly because of nullability attributes). [K:\Customer Data\LPM\DJ_Booking\Fallen-Collective-Booking\DJBookingSystem.csproj]
K:\Customer Data\LPM\DJ_Booking\Fallen-Collective-Booking\CandyBotDesktopWidget.xaml.cs(416,17): warning CS4014: Because this call is not awaited, execution of the current method continues before the call is completed. Consider applying the 'await' operator to the result of the call. [K:\Customer Data\LPM\DJ_Booking\Fallen-Collective-Booking\DJBookingSystem.csproj]
K:\Customer Data\LPM\DJ_Booking\Fallen-Collective-Booking\CandyBotDesktopWidget.xaml.cs(430,17): warning CS4014: Because this call is not awaited, execution of the current method continues before the call is completed. Consider applying the 'await' operator to the result of the call. [K:\Customer Data\LPM\DJ_Booking\Fallen-Collective-Booking\DJBookingSystem.csproj]
K:\Customer Data\LPM\DJ_Booking\Fallen-Collective-Booking\CandyBotDesktopWidget.xaml.cs(428,60): warning CS8625: Cannot convert null literal to non-nullable reference type. [K:\Customer Data\LPM\DJ_Booking\Fallen-Collective-Booking\DJBookingSystem.csproj]
K:\Customer Data\LPM\DJ_Booking\Fallen-Collective-Booking\CandyBotDesktopWidget.xaml.cs(428,66): warning CS8625: Cannot convert null literal to non-nullable reference type. [K:\Customer Data\LPM\DJ_Booking\Fallen-Collective-Booking\DJBookingSystem.csproj]
K:\Customer Data\LPM\DJ_Booking\Fallen-Collective-Booking\CandyBotDesktopWidget.xaml.cs(444,17): warning CS4014: Because this call is not awaited, execution of the current method continues before the call is completed. Consider applying the 'await' operator to the result of the call. [K:\Customer Data\LPM\DJ_Booking\Fallen-Collective-Booking\DJBookingSystem.csproj]
K:\Customer Data\LPM\DJ_Booking\Fallen-Collective-Booking\CandyBotDesktopWidget.xaml.cs(458,17): warning CS4014: Because this call is not awaited, execution of the current method continues before the call is completed. Consider applying the 'await' operator to the result of the call. [K:\Customer Data\LPM\DJ_Booking\Fallen-Collective-Booking\DJBookingSystem.csproj]
K:\Customer Data\LPM\DJ_Booking\Fallen-Collective-Booking\CandyBotDesktopWidget.xaml.cs(456,60): warning CS8625: Cannot convert null literal to non-nullable reference type. [K:\Customer Data\LPM\DJ_Booking\Fallen-Collective-Booking\DJBookingSystem.csproj]
K:\Customer Data\LPM\DJ_Booking\Fallen-Collective-Booking\CandyBotDesktopWidget.xaml.cs(456,66): warning CS8625: Cannot convert null literal to non-nullable reference type. [K:\Customer Data\LPM\DJ_Booking\Fallen-Collective-Booking\DJBookingSystem.csproj]
K:\Customer Data\LPM\DJ_Booking\Fallen-Collective-Booking\CandyBotDesktopWidget.xaml.cs(474,13): warning CS4014: Because this call is not awaited, execution of the current method continues before the call is completed. Consider applying the 'await' operator to the result of the call. [K:\Customer Data\LPM\DJ_Booking\Fallen-Collective-Booking\DJBookingSystem.csproj]
K:\Customer Data\LPM\DJ_Booking\Fallen-Collective-Booking\CandyBotDesktopWidget.xaml.cs(483,17): warning CS4014: Because this call is not awaited, execution of the current method continues before the call is completed. Consider applying the 'await' operator to the result of the call. [K:\Customer Data\LPM\DJ_Booking\Fallen-Collective-Booking\DJBookingSystem.csproj]
K:\Customer Data\LPM\DJ_Booking\Fallen-Collective-Booking\CandyBotDesktopWidget.xaml.cs(490,13): warning CS4014: Because this call is not awaited, execution of the current method continues before the call is completed. Consider applying the 'await' operator to the result of the call. [K:\Customer Data\LPM\DJ_Booking\Fallen-Collective-Booking\DJBookingSystem.csproj]
K:\Customer Data\LPM\DJ_Booking\Fallen-Collective-Booking\CandyBotDesktopWidget.xaml.cs(499,17): warning CS4014: Because this call is not awaited, execution of the current method continues before the call is completed. Consider applying the 'await' operator to the result of the call. [K:\Customer Data\LPM\DJ_Booking\Fallen-Collective-Booking\DJBookingSystem.csproj]
K:\Customer Data\LPM\DJ_Booking\Fallen-Collective-Booking\CandyBotDesktopWidget.xaml.cs(542,17): warning CS4014: Because this call is not awaited, execution of the current method continues before the call is completed. Consider applying the 'await' operator to the result of the call. [K:\Customer Data\LPM\DJ_Booking\Fallen-Collective-Booking\DJBookingSystem.csproj]
K:\Customer Data\LPM\DJ_Booking\Fallen-Collective-Booking\CandyBotDesktopWidget.xaml.cs(556,17): warning CS4014: Because this call is not awaited, execution of the current method continues before the call is completed. Consider applying the 'await' operator to the result of the call. [K:\Customer Data\LPM\DJ_Booking\Fallen-Collective-Booking\DJBookingSystem.csproj]
K:\Customer Data\LPM\DJ_Booking\Fallen-Collective-Booking\AdminBookingManagementWindow.xaml.cs(253,95): warning CS0618: 'Booking.BookingDate' is obsolete: 'Use DayOfWeek, WeekNumber, and TimeSlot instead' [K:\Customer Data\LPM\DJ_Booking\Fallen-Collective-Booking\DJBookingSystem.csproj]
K:\Customer Data\LPM\DJ_Booking\Fallen-Collective-Booking\InteractiveGuide\TutorialOverlay.cs(235,20): warning CS8603: Possible null reference return. [K:\Customer Data\LPM\DJ_Booking\Fallen-Collective-Booking\DJBookingSystem.csproj]
K:\Customer Data\LPM\DJ_Booking\Fallen-Collective-Booking\AdminBookingManagementWindow.xaml.cs(291,17): warning CS0618: 'Booking.BookingDate' is obsolete: 'Use DayOfWeek, WeekNumber, and TimeSlot instead' [K:\Customer Data\LPM\DJ_Booking\Fallen-Collective-Booking\DJBookingSystem.csproj]
K:\Customer Data\LPM\DJ_Booking\Fallen-Collective-Booking\AdminBookingManagementWindow.xaml.cs(301,85): warning CS0618: 'Booking.BookingDate' is obsolete: 'Use DayOfWeek, WeekNumber, and TimeSlot instead' [K:\Customer Data\LPM\DJ_Booking\Fallen-Collective-Booking\DJBookingSystem.csproj]
K:\Customer Data\LPM\DJ_Booking\Fallen-Collective-Booking\MainWindow.AdvancedTests.cs(261,23): warning CS8602: Dereference of a possibly null reference. [K:\Customer Data\LPM\DJ_Booking\Fallen-Collective-Booking\DJBookingSystem.csproj]
K:\Customer Data\LPM\DJ_Booking\Fallen-Collective-Booking\MultiDriveSearchWindow.xaml.cs(213,23): warning CS8602: Dereference of a possibly null reference. [K:\Customer Data\LPM\DJ_Booking\Fallen-Collective-Booking\DJBookingSystem.csproj]
K:\Customer Data\LPM\DJ_Booking\Fallen-Collective-Booking\MultiDriveSearchWindow.xaml.cs(226,23): warning CS8602: Dereference of a possibly null reference. [K:\Customer Data\LPM\DJ_Booking\Fallen-Collective-Booking\DJBookingSystem.csproj]
K:\Customer Data\LPM\DJ_Booking\Fallen-Collective-Booking\MultiDriveSearchWindow.xaml.cs(242,23): warning CS8602: Dereference of a possibly null reference. [K:\Customer Data\LPM\DJ_Booking\Fallen-Collective-Booking\DJBookingSystem.csproj]
K:\Customer Data\LPM\DJ_Booking\Fallen-Collective-Booking\AdminBookingManagementWindow.xaml.cs(319,17): warning CS0618: 'Booking.BookingDate' is obsolete: 'Use DayOfWeek, WeekNumber, and TimeSlot instead' [K:\Customer Data\LPM\DJ_Booking\Fallen-Collective-Booking\DJBookingSystem.csproj]
K:\Customer Data\LPM\DJ_Booking\Fallen-Collective-Booking\AdminBookingManagementWindow.xaml.cs(331,81): warning CS0618: 'Booking.BookingDate' is obsolete: 'Use DayOfWeek, WeekNumber, and TimeSlot instead' [K:\Customer Data\LPM\DJ_Booking\Fallen-Collective-Booking\DJBookingSystem.csproj]
K:\Customer Data\LPM\DJ_Booking\Fallen-Collective-Booking\Views\ChatView.xaml.cs(63,21): warning CS8602: Dereference of a possibly null reference. [K:\Customer Data\LPM\DJ_Booking\Fallen-Collective-Booking\DJBookingSystem.csproj]
K:\Customer Data\LPM\DJ_Booking\Fallen-Collective-Booking\Services\CandyBotImageGenerator.cs(189,35): warning CS8601: Possible null reference assignment. [K:\Customer Data\LPM\DJ_Booking\Fallen-Collective-Booking\DJBookingSystem.csproj]
K:\Customer Data\LPM\DJ_Booking\Fallen-Collective-Booking\Services\CandyBotImageGenerator.cs(243,51): warning CS1998: This async method lacks 'await' operators and will run synchronously. Consider using the 'await' operator to await non-blocking API calls, or 'await Task.Run(...)' to do CPU-bound work on a background thread. [K:\Customer Data\LPM\DJ_Booking\Fallen-Collective-Booking\DJBookingSystem.csproj]
K:\Customer Data\LPM\DJ_Booking\Fallen-Collective-Booking\MainWindow.MenuHandlers.cs(311,46): warning CS8625: Cannot convert null literal to non-nullable reference type. [K:\Customer Data\LPM\DJ_Booking\Fallen-Collective-Booking\DJBookingSystem.csproj]
K:\Customer Data\LPM\DJ_Booking\Fallen-Collective-Booking\MainWindow.MenuHandlers.cs(311,52): warning CS8625: Cannot convert null literal to non-nullable reference type. [K:\Customer Data\LPM\DJ_Booking\Fallen-Collective-Booking\DJBookingSystem.csproj]
K:\Customer Data\LPM\DJ_Booking\Fallen-Collective-Booking\MainWindow.MenuHandlers.cs(320,47): warning CS8625: Cannot convert null literal to non-nullable reference type. [K:\Customer Data\LPM\DJ_Booking\Fallen-Collective-Booking\DJBookingSystem.csproj]
K:\Customer Data\LPM\DJ_Booking\Fallen-Collective-Booking\MainWindow.MenuHandlers.cs(320,53): warning CS8625: Cannot convert null literal to non-nullable reference type. [K:\Customer Data\LPM\DJ_Booking\Fallen-Collective-Booking\DJBookingSystem.csproj]
K:\Customer Data\LPM\DJ_Booking\Fallen-Collective-Booking\Services\DiscordWebViewService.cs(95,17): warning CS8602: Dereference of a possibly null reference. [K:\Customer Data\LPM\DJ_Booking\Fallen-Collective-Booking\DJBookingSystem.csproj]
K:\Customer Data\LPM\DJ_Booking\Fallen-Collective-Booking\Services\CandyBotVoiceMapper.cs(233,56): warning CS8603: Possible null reference return. [K:\Customer Data\LPM\DJ_Booking\Fallen-Collective-Booking\DJBookingSystem.csproj]
K:\Customer Data\LPM\DJ_Booking\Fallen-Collective-Booking\Services\CandyBotVoiceMapper.cs(238,52): warning CS8603: Possible null reference return. [K:\Customer Data\LPM\DJ_Booking\Fallen-Collective-Booking\DJBookingSystem.csproj]
K:\Customer Data\LPM\DJ_Booking\Fallen-Collective-Booking\Services\CandyBotVoiceMapper.cs(243,55): warning CS8603: Possible null reference return. [K:\Customer Data\LPM\DJ_Booking\Fallen-Collective-Booking\DJBookingSystem.csproj]
K:\Customer Data\LPM\DJ_Booking\Fallen-Collective-Booking\Services\CandyBotVoiceMapper.cs(248,56): warning CS8603: Possible null reference return. [K:\Customer Data\LPM\DJ_Booking\Fallen-Collective-Booking\DJBookingSystem.csproj]
K:\Customer Data\LPM\DJ_Booking\Fallen-Collective-Booking\Services\CandyBotVoiceMapper.cs(253,53): warning CS8603: Possible null reference return. [K:\Customer Data\LPM\DJ_Booking\Fallen-Collective-Booking\DJBookingSystem.csproj]
K:\Customer Data\LPM\DJ_Booking\Fallen-Collective-Booking\Services\SecureUpdateClient.cs(51,61): warning CS8622: Nullability of reference types in type of parameter 'certificate' of 'bool SecureUpdateClient.ValidateServerCertificate(HttpRequestMessage request, X509Certificate2 certificate, X509Chain chain, SslPolicyErrors sslPolicyErrors)' doesn't match the target delegate 'Func<HttpRequestMessage, X509Certificate2?, X509Chain?, SslPolicyErrors, bool>' (possibly because of nullability attributes). [K:\Customer Data\LPM\DJ_Booking\Fallen-Collective-Booking\DJBookingSystem.csproj]
K:\Customer Data\LPM\DJ_Booking\Fallen-Collective-Booking\Services\SecureUpdateClient.cs(51,61): warning CS8622: Nullability of reference types in type of parameter 'chain' of 'bool SecureUpdateClient.ValidateServerCertificate(HttpRequestMessage request, X509Certificate2 certificate, X509Chain chain, SslPolicyErrors sslPolicyErrors)' doesn't match the target delegate 'Func<HttpRequestMessage, X509Certificate2?, X509Chain?, SslPolicyErrors, bool>' (possibly because of nullability attributes). [K:\Customer Data\LPM\DJ_Booking\Fallen-Collective-Booking\DJBookingSystem.csproj]
K:\Customer Data\LPM\DJ_Booking\Fallen-Collective-Booking\Services\ExtensiveChatBot.cs(422,41): warning CS1998: This async method lacks 'await' operators and will run synchronously. Consider using the 'await' operator to await non-blocking API calls, or 'await Task.Run(...)' to do CPU-bound work on a background thread. [K:\Customer Data\LPM\DJ_Booking\Fallen-Collective-Booking\DJBookingSystem.csproj]
K:\Customer Data\LPM\DJ_Booking\Fallen-Collective-Booking\MultiDriveSearchWindow.xaml.cs(609,23): warning CS8602: Dereference of a possibly null reference. [K:\Customer Data\LPM\DJ_Booking\Fallen-Collective-Booking\DJBookingSystem.csproj]
K:\Customer Data\LPM\DJ_Booking\Fallen-Collective-Booking\Services\RadioBossService.cs(367,24): warning CS8603: Possible null reference return. [K:\Customer Data\LPM\DJ_Booking\Fallen-Collective-Booking\DJBookingSystem.csproj]
K:\Customer Data\LPM\DJ_Booking\Fallen-Collective-Booking\Services\DiscordService.cs(17,25): warning CS0169: The field 'DiscordService._webhookUrl' is never used [K:\Customer Data\LPM\DJ_Booking\Fallen-Collective-Booking\DJBookingSystem.csproj]
K:\Customer Data\LPM\DJ_Booking\Fallen-Collective-Booking\Services\OnlineUserStatusService.cs(22,41): warning CS0169: The field 'OnlineUserStatusService._syncTimer' is never used [K:\Customer Data\LPM\DJ_Booking\Fallen-Collective-Booking\DJBookingSystem.csproj]
    146 Warning(s)
    0 Error(s)

Time Elapsed 00:00:15.57
